Archive member included to satisfy reference by file (symbol)

../Middlewares/ST/AI/Lib\NetworkRuntime1000_CM4_GCC.a(ai_platform.o)
                              ./X-CUBE-AI/App/neural_network.o (ai_buffer_array_item_set_address)
../Middlewares/ST/AI/Lib\NetworkRuntime1000_CM4_GCC.a(ai_platform_interface.o)
                              ./X-CUBE-AI/App/neural_network.o (ai_platform_get_weights_map)
../Middlewares/ST/AI/Lib\NetworkRuntime1000_CM4_GCC.a(core_common.o)
                              ../Middlewares/ST/AI/Lib\NetworkRuntime1000_CM4_GCC.a(ai_platform_interface.o) (core_init)
../Middlewares/ST/AI/Lib\NetworkRuntime1000_CM4_GCC.a(core_mem_manager.o)
                              ../Middlewares/ST/AI/Lib\NetworkRuntime1000_CM4_GCC.a(ai_platform_interface.o) (core_mem_alloc)
../Middlewares/ST/AI/Lib\NetworkRuntime1000_CM4_GCC.a(layers.o)
                              ../Middlewares/ST/AI/Lib\NetworkRuntime1000_CM4_GCC.a(ai_platform_interface.o) (ai_check_custom_types)
../Middlewares/ST/AI/Lib\NetworkRuntime1000_CM4_GCC.a(layers_conv2d_generic_float.o)
                              ./X-CUBE-AI/App/neural_network.o (forward_dense)
../Middlewares/ST/AI/Lib\NetworkRuntime1000_CM4_GCC.a(layers_nl_generic_float.o)
                              ./X-CUBE-AI/App/neural_network.o (forward_relu)
../Middlewares/ST/AI/Lib\NetworkRuntime1000_CM4_GCC.a(layers_conv2d_integer_scratch.o)
                              ../Middlewares/ST/AI/Lib\NetworkRuntime1000_CM4_GCC.a(layers.o) (get_conv2d_scratch_size)
../Middlewares/ST/AI/Lib\NetworkRuntime1000_CM4_GCC.a(forward_lite_conv2d_if32of32wf32.o)
                              ../Middlewares/ST/AI/Lib\NetworkRuntime1000_CM4_GCC.a(layers_conv2d_generic_float.o) (forward_lite_conv2d_if32of32wf32)
../Middlewares/ST/AI/Lib\NetworkRuntime1000_CM4_GCC.a(lite_nl_softmax_if32of32.o)
                              ../Middlewares/ST/AI/Lib\NetworkRuntime1000_CM4_GCC.a(layers_nl_generic_float.o) (forward_lite_nl_softmax_if32of32_kernel)
../Middlewares/ST/AI/Lib\NetworkRuntime1000_CM4_GCC.a(lite_nl_relu_if32of32.o)
                              ../Middlewares/ST/AI/Lib\NetworkRuntime1000_CM4_GCC.a(layers_nl_generic_float.o) (forward_lite_nl_prelu_if32of32_kernel)
../Middlewares/ST/AI/Lib\NetworkRuntime1000_CM4_GCC.a(lite_dense_if32.o)
                              ../Middlewares/ST/AI/Lib\NetworkRuntime1000_CM4_GCC.a(layers_conv2d_generic_float.o) (lite_decompress_ilutof32)
../Middlewares/ST/AI/Lib\NetworkRuntime1000_CM4_GCC.a(lite_nl_generic_float.o)
                              ../Middlewares/ST/AI/Lib\NetworkRuntime1000_CM4_GCC.a(layers_nl_generic_float.o) (forward_lite_nl_softmax_if32of32)
../Middlewares/ST/AI/Lib\NetworkRuntime1000_CM4_GCC.a(st_int8_fill.o)
                              ../Middlewares/ST/AI/Lib\NetworkRuntime1000_CM4_GCC.a(ai_platform_interface.o) (st_int8_copy)
../Middlewares/ST/AI/Lib\NetworkRuntime1000_CM4_GCC.a(ai_math_helpers.o)
                              ../Middlewares/ST/AI/Lib\NetworkRuntime1000_CM4_GCC.a(layers_nl_generic_float.o) (ai_math_sqrt)
../Middlewares/ST/AI/Lib\NetworkRuntime1000_CM4_GCC.a(ai_datatypes_format.o)
                              ../Middlewares/ST/AI/Lib\NetworkRuntime1000_CM4_GCC.a(ai_platform_interface.o) (ai_array_to_buffer_fmt)
../Middlewares/ST/AI/Lib\NetworkRuntime1000_CM4_GCC.a(ai_datatypes_internal.o)
                              ../Middlewares/ST/AI/Lib\NetworkRuntime1000_CM4_GCC.a(ai_platform_interface.o) (ai_version_get)
../Middlewares/ST/AI/Lib\NetworkRuntime1000_CM4_GCC.a(ai_math_elementwise_mul_int8.o)
                              ../Middlewares/ST/AI/Lib\NetworkRuntime1000_CM4_GCC.a(ai_math_helpers.o) (ai_math_elementwise_mul_int8)
../Middlewares/ST/AI/Lib\NetworkRuntime1000_CM4_GCC.a(ai_math_elementwise_sum_int8.o)
                              ../Middlewares/ST/AI/Lib\NetworkRuntime1000_CM4_GCC.a(ai_math_helpers.o) (ai_math_elementwise_sum_int8)
../Middlewares/ST/AI/Lib\NetworkRuntime1000_CM4_GCC.a(st_align_factor.o)
                              ../Middlewares/ST/AI/Lib\NetworkRuntime1000_CM4_GCC.a(ai_math_helpers.o) (align_factor)
C:/ST/STM32CubeIDE_1.13.1/STM32CubeIDE/plugins/com.st.stm32cube.ide.mcu.externaltools.gnu-tools-for-stm32.13.3.rel1.win32_1.0.0.202411081344/tools/bin/../lib/gcc/arm-none-eabi/13.3.1/../../../../arm-none-eabi/lib/thumb/v7e-m+fp/hard\libc_nano.a(libc_a-exit.o)
                              C:/ST/STM32CubeIDE_1.13.1/STM32CubeIDE/plugins/com.st.stm32cube.ide.mcu.externaltools.gnu-tools-for-stm32.13.3.rel1.win32_1.0.0.202411081344/tools/bin/../lib/gcc/arm-none-eabi/13.3.1/../../../../arm-none-eabi/lib/thumb/v7e-m+fp/hard/crt0.o (exit)
C:/ST/STM32CubeIDE_1.13.1/STM32CubeIDE/plugins/com.st.stm32cube.ide.mcu.externaltools.gnu-tools-for-stm32.13.3.rel1.win32_1.0.0.202411081344/tools/bin/../lib/gcc/arm-none-eabi/13.3.1/../../../../arm-none-eabi/lib/thumb/v7e-m+fp/hard\libc_nano.a(libc_a-malloc.o)
[...]
Memory Configuration

Name             Origin             Length             Attributes
RAM              0x20000000         0x00030000         xrw
RAM2             0x10000000         0x00010000         xrw
RAM3             0x20040000         0x00060000         xrw
FLASH            0x08000000         0x00200000         xr
*default*        0x00000000         0xffffffff

Linker script and memory map

LOAD C:/ST/STM32CubeIDE_1.13.1/STM32CubeIDE/plugins/com.st.stm32cube.ide.mcu.externaltools.gnu-tools-for-stm32.13.3.rel1.win32_1.0.0.202411081344/tools/bin/../lib/gcc/arm-none-eabi/13.3.1/thumb/v7e-m+fp/hard/crti.o
LOAD C:/ST/STM32CubeIDE_1.13.1/STM32CubeIDE/plugins/com.st.stm32cube.ide.mcu.externaltools.gnu-tools-for-stm32.13.3.rel1.win32_1.0.0.202411081344/tools/bin/../lib/gcc/arm-none-eabi/13.3.1/thumb/v7e-m+fp/hard/crtbegin.o
LOAD C:/ST/STM32CubeIDE_1.13.1/STM32CubeIDE/plugins/com.st.stm32cube.ide.mcu.externaltools.gnu-tools-for-stm32.13.3.rel1.win32_1.0.0.202411081344/tools/bin/../lib/gcc/arm-none-eabi/13.3.1/../../../../arm-none-eabi/lib/thumb/v7e-m+fp/hard/crt0.o
LOAD ./Core/Src/main.o
LOAD ./Core/Src/stm32l4xx_hal_msp.o
LOAD ./Core/Src/stm32l4xx_it.o
LOAD ./Core/Src/sysmem.o
LOAD ./Core/Src/system_stm32l4xx.o
LOAD ./Core/Startup/startup_stm32l4r9aiix.o
LOAD ./Drivers/STM32L4xx_HAL_Driver/Src/stm32l4xx_hal.o
LOAD ./Drivers/STM32L4xx_HAL_Driver/Src/stm32l4xx_hal_cortex.o
LOAD ./Drivers/STM32L4xx_HAL_Driver/Src/stm32l4xx_hal_dma.o
LOAD ./Drivers/STM32L4xx_HAL_Driver/Src/stm32l4xx_hal_dma_ex.o
LOAD ./Drivers/STM32L4xx_HAL_Driver/Src/stm32l4xx_hal_exti.o
LOAD ./Drivers/STM32L4xx_HAL_Driver/Src/stm32l4xx_hal_flash.o
LOAD ./Drivers/STM32L4xx_HAL_Driver/Src/stm32l4xx_hal_flash_ex.o
LOAD ./Drivers/STM32L4xx_HAL_Driver/Src/stm32l4xx_hal_flash_ramfunc.o
LOAD ./Drivers/STM32L4xx_HAL_Driver/Src/stm32l4xx_hal_gpio.o
LOAD ./Drivers/STM32L4xx_HAL_Driver/Src/stm32l4xx_hal_i2c.o
LOAD ./Drivers/STM32L4xx_HAL_Driver/Src/stm32l4xx_hal_i2c_ex.o
LOAD ./Drivers/STM32L4xx_HAL_Driver/Src/stm32l4xx_hal_mmc.o
LOAD ./Drivers/STM32L4xx_HAL_Driver/Src/stm32l4xx_hal_mmc_ex.o
LOAD ./Drivers/STM32L4xx_HAL_Driver/Src/stm32l4xx_hal_nand.o
LOAD ./Drivers/STM32L4xx_HAL_Driver/Src/stm32l4xx_hal_nor.o
LOAD ./Drivers/STM32L4xx_HAL_Driver/Src/stm32l4xx_hal_pcd.o
LOAD ./Drivers/STM32L4xx_HAL_Driver/Src/stm32l4xx_hal_pcd_ex.o
LOAD ./Drivers/STM32L4xx_HAL_Driver/Src/stm32l4xx_hal_pwr.o
LOAD ./Drivers/STM32L4xx_HAL_Driver/Src/stm32l4xx_hal_pwr_ex.o
LOAD ./Drivers/STM32L4xx_HAL_Driver/Src/stm32l4xx_hal_rcc.o
LOAD ./Drivers/STM32L4xx_HAL_Driver/Src/stm32l4xx_hal_rcc_ex.o
LOAD ./Drivers/STM32L4xx_HAL_Driver/Src/stm32l4xx_hal_sai.o
LOAD ./Drivers/STM32L4xx_HAL_Driver/Src/stm32l4xx_hal_sai_ex.o
LOAD ./Drivers/STM32L4xx_HAL_Driver/Src/stm32l4xx_hal_sd.o
LOAD ./Drivers/STM32L4xx_HAL_Driver/Src/stm32l4xx_hal_sd_ex.o
LOAD ./Drivers/STM32L4xx_HAL_Driver/Src/stm32l4xx_hal_spi.o
LOAD ./Drivers/STM32L4xx_HAL_Driver/Src/stm32l4xx_hal_spi_ex.o
LOAD ./Drivers/STM32L4xx_HAL_Driver/Src/stm32l4xx_hal_sram.o
LOAD ./Drivers/STM32L4xx_HAL_Driver/Src/stm32l4xx_hal_uart.o
LOAD ./Drivers/STM32L4xx_HAL_Driver/Src/stm32l4xx_hal_uart_ex.o
LOAD ./Drivers/STM32L4xx_HAL_Driver/Src/stm32l4xx_ll_fmc.o
LOAD ./Drivers/STM32L4xx_HAL_Driver/Src/stm32l4xx_ll_sdmmc.o
LOAD ./Drivers/STM32L4xx_HAL_Driver/Src/stm32l4xx_ll_usb.o
LOAD ./X-CUBE-AI/App/app_x-cube-ai.o
LOAD ./X-CUBE-AI/App/neural_network.o
LOAD ./X-CUBE-AI/App/neural_network_data.o
LOAD ./X-CUBE-AI/App/neural_network_data_params.o
LOAD ../Middlewares/ST/AI/Lib\NetworkRuntime1000_CM4_GCC.a
START GROUP
LOAD C:/ST/STM32CubeIDE_1.13.1/STM32CubeIDE/plugins/com.st.stm32cube.ide.mcu.externaltools.gnu-tools-for-stm32.13.3.rel1.win32_1.0.0.202411081344/tools/bin/../lib/gcc/arm-none-eabi/13.3.1/../../../../arm-none-eabi/lib/thumb/v7e-m+fp/hard\libc_nano.a
LOAD C:/ST/STM32CubeIDE_1.13.1/STM32CubeIDE/plugins/com.st.stm32cube.ide.mcu.externaltools.gnu-tools-for-stm32.13.3.rel1.win32_1.0.0.202411081344/tools/bin/../lib/gcc/arm-none-eabi/13.3.1/../../../../arm-none-eabi/lib/thumb/v7e-m+fp/hard\libm.a
END GROUP
START GROUP
LOAD C:/ST/STM32CubeIDE_1.13.1/STM32CubeIDE/plugins/com.st.stm32cube.ide.mcu.externaltools.gnu-tools-for-stm32.13.3.rel1.win32_1.0.0.202411081344/tools/bin/../lib/gcc/arm-none-eabi/13.3.1/thumb/v7e-m+fp/hard\libgcc.a
LOAD C:/ST/STM32CubeIDE_1.13.1/STM32CubeIDE/plugins/com.st.stm32cube.ide.mcu.externaltools.gnu-tools-for-stm32.13.3.rel1.win32_1.0.0.202411081344/tools/bin/../lib/gcc/arm-none-eabi/13.3.1/../../../../arm-none-eabi/lib/thumb/v7e-m+fp/hard\libc_nano.a
END GROUP
START GROUP
LOAD C:/ST/STM32CubeIDE_1.13.1/STM32CubeIDE/plugins/com.st.stm32cube.ide.mcu.externaltools.gnu-tools-for-stm32.13.3.rel1.win32_1.0.0.202411081344/tools/bin/../lib/gcc/arm-none-eabi/13.3.1/thumb/v7e-m+fp/hard\libgcc.a
LOAD C:/ST/STM32CubeIDE_1.13.1/STM32CubeIDE/plugins/com.st.stm32cube.ide.mcu.externaltools.gnu-tools-for-stm32.13.3.rel1.win32_1.0.0.202411081344/tools/bin/../lib/gcc/arm-none-eabi/13.3.1/../../../../arm-none-eabi/lib/thumb/v7e-m+fp/hard\libc_nano.a
LOAD C:/ST/STM32CubeIDE_1.13.1/STM32CubeIDE/plugins/com.st.stm32cube.ide.mcu.externaltools.gnu-tools-for-stm32.13.3.rel1.win32_1.0.0.202411081344/tools/bin/../lib/gcc/arm-none-eabi/13.3.1/../../../../arm-none-eabi/lib/thumb/v7e-m+fp/hard\libnosys.a
END GROUP
START GROUP
LOAD C:/ST/STM32CubeIDE_1.13.1/STM32CubeIDE/plugins/com.st.stm32cube.ide.mcu.externaltools.gnu-tools-for-stm32.13.3.rel1.win32_1.0.0.202411081344/tools/bin/../lib/gcc/arm-none-eabi/13.3.1/thumb/v7e-m+fp/hard\libgcc.a
LOAD C:/ST/STM32CubeIDE_1.13.1/STM32CubeIDE/plugins/com.st.stm32cube.ide.mcu.externaltools.gnu-tools-for-stm32.13.3.rel1.win32_1.0.0.202411081344/tools/bin/../lib/gcc/arm-none-eabi/13.3.1/../../../../arm-none-eabi/lib/thumb/v7e-m+fp/hard\libc_nano.a
LOAD C:/ST/STM32CubeIDE_1.13.1/STM32CubeIDE/plugins/com.st.stm32cube.ide.mcu.externaltools.gnu-tools-for-stm32.13.3.rel1.win32_1.0.0.202411081344/tools/bin/../lib/gcc/arm-none-eabi/13.3.1/../../../../arm-none-eabi/lib/thumb/v7e-m+fp/hard\libnosys.a
END GROUP
LOAD C:/ST/STM32CubeIDE_1.13.1/STM32CubeIDE/plugins/com.st.stm32cube.ide.mcu.externaltools.gnu-tools-for-stm32.13.3.rel1.win32_1.0.0.202411081344/tools/bin/../lib/gcc/arm-none-eabi/13.3.1/thumb/v7e-m+fp/hard/crtend.o
LOAD C:/ST/STM32CubeIDE_1.13.1/STM32CubeIDE/plugins/com.st.stm32cube.ide.mcu.externaltools.gnu-tools-for-stm32.13.3.rel1.win32_1.0.0.202411081344/tools/bin/../lib/gcc/arm-none-eabi/13.3.1/thumb/v7e-m+fp/hard/crtn.o
                0x200a0000                        _estack = (ORIGIN (RAM3) + LENGTH (RAM3))
                0x00000800                        _Min_Heap_Size = 0x800
                0x00000800                        _Min_Stack_Size = 0x800

.isr_vector     0x08000000      0x1bc
                0x08000000                        . = ALIGN (0x4)
 *(.isr_vector)
 .isr_vector    0x08000000      0x1bc ./Core/Startup/startup_stm32l4r9aiix.o
                0x08000000                g_pfnVectors
                0x080001bc                        . = ALIGN (0x4)

.text           0x080001bc     0x82ac
                0x080001bc                        . = ALIGN (0x4)
 *(.text)
 .text          0x080001bc       0x40 C:/ST/STM32CubeIDE_1.13.1/STM32CubeIDE/plugins/com.st.stm32cube.ide.mcu.externaltools.gnu-tools-for-stm32.13.3.rel1.win32_1.0.0.202411081344/tools/bin/../lib/gcc/arm-none-eabi/13.3.1/thumb/v7e-m+fp/hard/crtbegin.o
 .text          0x080001fc       0x30 C:/ST/STM32CubeIDE_1.13.1/STM32CubeIDE/plugins/com.st.stm32cube.ide.mcu.externaltools.gnu-tools-for-stm32.13.3.rel1.win32_1.0.0.202411081344/tools/bin/../lib/gcc/arm-none-eabi/13.3.1/thumb/v7e-m+fp/hard\libgcc.a(_aeabi_uldivmod.o)
                0x080001fc                __aeabi_uldivmod
 .text          0x0800022c      0x2f8 C:/ST/STM32CubeIDE_1.13.1/STM32CubeIDE/plugins/com.st.stm32cube.ide.mcu.externaltools.gnu-tools-for-stm32.13.3.rel1.win32_1.0.0.202411081344/tools/bin/../lib/gcc/arm-none-eabi/13.3.1/thumb/v7e-m+fp/hard\libgcc.a(_udivmoddi4.o)
                0x0800022c                __udivmoddi4
 .text          0x08000524        0x4 C:/ST/STM32CubeIDE_1.13.1/STM32CubeIDE/plugins/com.st.stm32cube.ide.mcu.externaltools.gnu-tools-for-stm32.13.3.rel1.win32_1.0.0.202411081344/tools/bin/../lib/gcc/arm-none-eabi/13.3.1/thumb/v7e-m+fp/hard\libgcc.a(_dvmd_tls.o)
                0x08000524                __aeabi_idiv0
                0x08000524                __aeabi_ldiv0
 *(.text*)
 .text.main     0x08000528       0x3e ./Core/Src/main.o
                0x08000528                main
 .text.SystemClock_Config
                0x08000566       0xa6 ./Core/Src/main.o
                0x08000566                SystemClock_Config
 .text.MX_I2C1_Init
                0x0800060c       0x80 ./Core/Src/main.o
 .text.MX_SAI1_Init
                0x0800068c       0xd0 ./Core/Src/main.o
 .text.MX_SDMMC1_SD_Init
                0x0800075c       0x4c ./Core/Src/main.o
 .text.MX_SPI2_Init
                0x080007a8       0x7c ./Core/Src/main.o
 .text.MX_USART2_UART_Init
                0x08000824       0x98 ./Core/Src/main.o
 .text.MX_USART3_UART_Init
                0x080008bc       0x98 ./Core/Src/main.o
 .text.MX_USB_OTG_FS_PCD_Init
                0x08000954       0x5c ./Core/Src/main.o
 .text.MX_FMC_Init
                0x080009b0       0xcc ./Core/Src/main.o
 .text.MX_GPIO_Init
                0x08000a7c      0x43c ./Core/Src/main.o
 .text.Error_Handler
                0x08000eb8        0xe ./Core/Src/main.o
                0x08000eb8                Error_Handler
 *fill*         0x08000ec6        0x2 
 .text.HAL_MspInit
                0x08000ec8       0x48 ./Core/Src/stm32l4xx_hal_msp.o
                0x08000ec8                HAL_MspInit
 .text.HAL_I2C_MspInit
                0x08000f10      0x108 ./Core/Src/stm32l4xx_hal_msp.o
                0x08000f10                HAL_I2C_MspInit
 .text.HAL_SD_MspInit
                0x08001018      0x108 ./Core/Src/stm32l4xx_hal_msp.o
                0x08001018                HAL_SD_MspInit
 .text.HAL_SPI_MspInit
                0x08001120       0xc4 ./Core/Src/stm32l4xx_hal_msp.o
                0x08001120                HAL_SPI_MspInit
 .text.HAL_UART_MspInit
                0x080011e4      0x18c ./Core/Src/stm32l4xx_hal_msp.o
                0x080011e4                HAL_UART_MspInit
 .text.HAL_PCD_MspInit
                0x08001370      0x118 ./Core/Src/stm32l4xx_hal_msp.o
                0x08001370                HAL_PCD_MspInit
 .text.HAL_FMC_MspInit
                0x08001488       0xfc ./Core/Src/stm32l4xx_hal_msp.o
 .text.HAL_SRAM_MspInit
                0x08001584       0x14 ./Core/Src/stm32l4xx_hal_msp.o
                0x08001584                HAL_SRAM_MspInit
 .text.HAL_SAI_MspInit
                0x08001598       0xf8 ./Core/Src/stm32l4xx_hal_msp.o
                0x08001598                HAL_SAI_MspInit
 .text.NMI_Handler
                0x08001690        0x8 ./Core/Src/stm32l4xx_it.o
                0x08001690                NMI_Handler
 .text.HardFault_Handler
                0x08001698        0x8 ./Core/Src/stm32l4xx_it.o
                0x08001698                HardFault_Handler
 .text.MemManage_Handler
                0x080016a0        0x8 ./Core/Src/stm32l4xx_it.o
                0x080016a0                MemManage_Handler
 .text.BusFault_Handler
                0x080016a8        0x8 ./Core/Src/stm32l4xx_it.o
                0x080016a8                BusFault_Handler
 .text.UsageFault_Handler
                0x080016b0        0x8 ./Core/Src/stm32l4xx_it.o
                0x080016b0                UsageFault_Handler
 .text.SVC_Handler
                0x080016b8        0xe ./Core/Src/stm32l4xx_it.o
                0x080016b8                SVC_Handler
 .text.DebugMon_Handler
                0x080016c6        0xe ./Core/Src/stm32l4xx_it.o
                0x080016c6                DebugMon_Handler
 .text.PendSV_Handler
                0x080016d4        0xe ./Core/Src/stm32l4xx_it.o
                0x080016d4                PendSV_Handler
 .text.SysTick_Handler
                0x080016e2        0xc ./Core/Src/stm32l4xx_it.o
                0x080016e2                SysTick_Handler
 *fill*         0x080016ee        0x2 
 .text.SystemInit
                0x080016f0       0x24 ./Core/Src/system_stm32l4xx.o
                0x080016f0                SystemInit
 .text.Reset_Handler
                0x08001714       0x50 ./Core/Startup/startup_stm32l4r9aiix.o
                0x08001714                Reset_Handler
 .text.Default_Handler
                0x08001764        0x2 ./Core/Startup/startup_stm32l4r9aiix.o
                0x08001764                RTC_Alarm_IRQHandler
                0x08001764                EXTI2_IRQHandler
                0x08001764                TIM8_TRG_COM_IRQHandler
                0x08001764                TIM8_CC_IRQHandler
                0x08001764                TIM1_CC_IRQHandler
                0x08001764                TSC_IRQHandler
                0x08001764                TAMP_STAMP_IRQHandler
                0x08001764                EXTI3_IRQHandler
                0x08001764                LPTIM2_IRQHandler
                0x08001764                DFSDM1_FLT1_IRQHandler
                0x08001764                GFXMMU_IRQHandler
                0x08001764                I2C3_ER_IRQHandler
                0x08001764                DFSDM1_FLT2_IRQHandler
                0x08001764                EXTI0_IRQHandler
                0x08001764                I2C2_EV_IRQHandler
                0x08001764                CAN1_RX0_IRQHandler
                0x08001764                FPU_IRQHandler
                0x08001764                TIM1_UP_TIM16_IRQHandler
                0x08001764                LTDC_ER_IRQHandler
                0x08001764                SPI1_IRQHandler
                0x08001764                OCTOSPI1_IRQHandler
                0x08001764                TIM6_DAC_IRQHandler
                0x08001764                DCMI_IRQHandler
                0x08001764                TIM8_UP_IRQHandler
                0x08001764                OCTOSPI2_IRQHandler
                0x08001764                DMA2_Channel2_IRQHandler
                0x08001764                DMA1_Channel4_IRQHandler
                0x08001764                SAI2_IRQHandler
                0x08001764                ADC1_IRQHandler
                0x08001764                DFSDM1_FLT3_IRQHandler
                0x08001764                USART3_IRQHandler
                0x08001764                DMA1_Channel7_IRQHandler
                0x08001764                CAN1_RX1_IRQHandler
                0x08001764                UART5_IRQHandler
                0x08001764                TIM4_IRQHandler
                0x08001764                DMA2_Channel1_IRQHandler
                0x08001764                I2C1_EV_IRQHandler
                0x08001764                DMAMUX1_OVR_IRQHandler
                0x08001764                DMA1_Channel6_IRQHandler
                0x08001764                UART4_IRQHandler
                0x08001764                DMA2_Channel4_IRQHandler
                0x08001764                TIM3_IRQHandler
                0x08001764                RCC_IRQHandler
                0x08001764                DMA1_Channel1_IRQHandler
                0x08001764                Default_Handler
                0x08001764                DMA2_Channel7_IRQHandler
                0x08001764                EXTI15_10_IRQHandler
                0x08001764                TIM7_IRQHandler
                0x08001764                SDMMC1_IRQHandler
                0x08001764                TIM5_IRQHandler
                0x08001764                I2C3_EV_IRQHandler
                0x08001764                EXTI9_5_IRQHandler
                0x08001764                RTC_WKUP_IRQHandler
                0x08001764                LTDC_IRQHandler
                0x08001764                PVD_PVM_IRQHandler
                0x08001764                SPI2_IRQHandler
                0x08001764                CAN1_TX_IRQHandler
                0x08001764                DMA2_Channel5_IRQHandler
                0x08001764                CRS_IRQHandler
                0x08001764                DMA1_Channel5_IRQHandler
                0x08001764                EXTI4_IRQHandler
                0x08001764                RNG_IRQHandler
                0x08001764                TIM1_TRG_COM_TIM17_IRQHandler
                0x08001764                DMA1_Channel3_IRQHandler
                0x08001764                COMP_IRQHandler
                0x08001764                DSI_IRQHandler
                0x08001764                WWDG_IRQHandler
                0x08001764                I2C4_EV_IRQHandler
                0x08001764                LPUART1_IRQHandler
                0x08001764                DMA2_Channel6_IRQHandler
                0x08001764                TIM2_IRQHandler
                0x08001764                DMA2D_IRQHandler
                0x08001764                EXTI1_IRQHandler
                0x08001764                USART2_IRQHandler
                0x08001764                DFSDM1_FLT0_IRQHandler
                0x08001764                I2C2_ER_IRQHandler
                0x08001764                DMA1_Channel2_IRQHandler
                0x08001764                TIM8_BRK_IRQHandler
                0x08001764                CAN1_SCE_IRQHandler
                0x08001764                FLASH_IRQHandler
                0x08001764                USART1_IRQHandler
                0x08001764                OTG_FS_IRQHandler
                0x08001764                SPI3_IRQHandler
                0x08001764                I2C1_ER_IRQHandler
                0x08001764                FMC_IRQHandler
                0x08001764                LPTIM1_IRQHandler
                0x08001764                I2C4_ER_IRQHandler
                0x08001764                SAI1_IRQHandler
                0x08001764                DMA2_Channel3_IRQHandler
                0x08001764                TIM1_BRK_TIM15_IRQHandler
 .text.HAL_Init
                0x08001766       0x30 ./Drivers/STM32L4xx_HAL_Driver/Src/stm32l4xx_hal.o
                0x08001766                HAL_Init
 *fill*         0x08001796        0x2 
 .text.HAL_InitTick
                0x08001798       0x78 ./Drivers/STM32L4xx_HAL_Driver/Src/stm32l4xx_hal.o
                0x08001798                HAL_InitTick
 .text.HAL_IncTick
                0x08001810       0x28 ./Drivers/STM32L4xx_HAL_Driver/Src/stm32l4xx_hal.o
                0x08001810                HAL_IncTick
 .text.HAL_GetTick
                0x08001838       0x18 ./Drivers/STM32L4xx_HAL_Driver/Src/stm32l4xx_hal.o
                0x08001838                HAL_GetTick
 .text.HAL_Delay
                0x08001850       0x48 ./Drivers/STM32L4xx_HAL_Driver/Src/stm32l4xx_hal.o
                0x08001850                HAL_Delay
 .text.__NVIC_SetPriorityGrouping
                0x08001898       0x48 ./Drivers/STM32L4xx_HAL_Driver/Src/stm32l4xx_hal_cortex.o
 .text.__NVIC_GetPriorityGrouping
                0x080018e0       0x1c ./Drivers/STM32L4xx_HAL_Driver/Src/stm32l4xx_hal_cortex.o
 .text.__NVIC_SetPriority
                0x080018fc       0x54 ./Drivers/STM32L4xx_HAL_Driver/Src/stm32l4xx_hal_cortex.o
 .text.NVIC_EncodePriority
                0x08001950       0x66 ./Drivers/STM32L4xx_HAL_Driver/Src/stm32l4xx_hal_cortex.o
 *fill*         0x080019b6        0x2 
 .text.SysTick_Config
                0x080019b8       0x44 ./Drivers/STM32L4xx_HAL_Driver/Src/stm32l4xx_hal_cortex.o
 .text.HAL_NVIC_SetPriorityGrouping
                0x080019fc       0x16 ./Drivers/STM32L4xx_HAL_Driver/Src/stm32l4xx_hal_cortex.o
                0x080019fc                HAL_NVIC_SetPriorityGrouping
 .text.HAL_NVIC_SetPriority
                0x08001a12       0x38 ./Drivers/STM32L4xx_HAL_Driver/Src/stm32l4xx_hal_cortex.o
                0x08001a12                HAL_NVIC_SetPriority
 .text.HAL_SYSTICK_Config
                0x08001a4a       0x18 ./Drivers/STM32L4xx_HAL_Driver/Src/stm32l4xx_hal_cortex.o
                0x08001a4a                HAL_SYSTICK_Config
 *fill*         0x08001a62        0x2 
 .text.HAL_GPIO_Init
                0x08001a64      0x324 ./Drivers/STM32L4xx_HAL_Driver/Src/stm32l4xx_hal_gpio.o
                0x08001a64                HAL_GPIO_Init
 .text.HAL_GPIO_WritePin
                0x08001d88       0x30 ./Drivers/STM32L4xx_HAL_Driver/Src/stm32l4xx_hal_gpio.o
                0x08001d88                HAL_GPIO_WritePin
 .text.HAL_I2C_Init
                0x08001db8      0x136 ./Drivers/STM32L4xx_HAL_Driver/Src/stm32l4xx_hal_i2c.o
                0x08001db8                HAL_I2C_Init
 .text.HAL_I2CEx_ConfigAnalogFilter
                0x08001eee       0x96 ./Drivers/STM32L4xx_HAL_Driver/Src/stm32l4xx_hal_i2c_ex.o
                0x08001eee                HAL_I2CEx_ConfigAnalogFilter
 .text.HAL_I2CEx_ConfigDigitalFilter
                0x08001f84       0x98 ./Drivers/STM32L4xx_HAL_Driver/Src/stm32l4xx_hal_i2c_ex.o
                0x08001f84                HAL_I2CEx_ConfigDigitalFilter
 .text.HAL_PCD_Init
                0x0800201c      0x21e ./Drivers/STM32L4xx_HAL_Driver/Src/stm32l4xx_hal_pcd.o
                0x0800201c                HAL_PCD_Init
 .text.HAL_PCDEx_ActivateLPM
                0x0800223a       0x48 ./Drivers/STM32L4xx_HAL_Driver/Src/stm32l4xx_hal_pcd_ex.o
                0x0800223a                HAL_PCDEx_ActivateLPM
 *fill*         0x08002282        0x2 
 .text.HAL_PWREx_GetVoltageRange
                0x08002284       0x40 ./Drivers/STM32L4xx_HAL_Driver/Src/stm32l4xx_hal_pwr_ex.o
                0x08002284                HAL_PWREx_GetVoltageRange
 .text.HAL_PWREx_ControlVoltageScaling
                0x080022c4      0x148 ./Drivers/STM32L4xx_HAL_Driver/Src/stm32l4xx_hal_pwr_ex.o
                0x080022c4                HAL_PWREx_ControlVoltageScaling
 .text.HAL_PWREx_EnableVddUSB
                0x0800240c       0x20 ./Drivers/STM32L4xx_HAL_Driver/Src/stm32l4xx_hal_pwr_ex.o
                0x0800240c                HAL_PWREx_EnableVddUSB
 .text.HAL_PWREx_EnableVddIO2
                0x0800242c       0x20 ./Drivers/STM32L4xx_HAL_Driver/Src/stm32l4xx_hal_pwr_ex.o
                0x0800242c                HAL_PWREx_EnableVddIO2
 .text.HAL_RCC_OscConfig
                0x0800244c      0x834 ./Drivers/STM32L4xx_HAL_Driver/Src/stm32l4xx_hal_rcc.o
                0x0800244c                HAL_RCC_OscConfig
 .text.HAL_RCC_ClockConfig
                0x08002c80      0x274 ./Drivers/STM32L4xx_HAL_Driver/Src/stm32l4xx_hal_rcc.o
                0x08002c80                HAL_RCC_ClockConfig
 .text.HAL_RCC_GetSysClockFreq
                0x08002ef4      0x114 ./Drivers/STM32L4xx_HAL_Driver/Src/stm32l4xx_hal_rcc.o
                0x08002ef4                HAL_RCC_GetSysClockFreq
 .text.HAL_RCC_GetHCLKFreq
                0x08003008       0x18 ./Drivers/STM32L4xx_HAL_Driver/Src/stm32l4xx_hal_rcc.o
                0x08003008                HAL_RCC_GetHCLKFreq
 .text.HAL_RCC_GetPCLK1Freq
                0x08003020       0x2c ./Drivers/STM32L4xx_HAL_Driver/Src/stm32l4xx_hal_rcc.o
                0x08003020                HAL_RCC_GetPCLK1Freq
 .text.HAL_RCC_GetPCLK2Freq
                0x0800304c       0x2c ./Drivers/STM32L4xx_HAL_Driver/Src/stm32l4xx_hal_rcc.o
                0x0800304c                HAL_RCC_GetPCLK2Freq
 .text.RCC_SetFlashLatencyFromMSIRange
                0x08003078       0xb4 ./Drivers/STM32L4xx_HAL_Driver/Src/stm32l4xx_hal_rcc.o
 .text.RCC_GetSysClockFreqFromPLLSource
                0x0800312c       0xc8 ./Drivers/STM32L4xx_HAL_Driver/Src/stm32l4xx_hal_rcc.o
 .text.HAL_RCCEx_PeriphCLKConfig
                0x080031f4      0x720 ./Drivers/STM32L4xx_HAL_Driver/Src/stm32l4xx_hal_rcc_ex.o
                0x080031f4                HAL_RCCEx_PeriphCLKConfig
 .text.HAL_RCCEx_GetPeriphCLKFreq
                0x08003914      0xe40 ./Drivers/STM32L4xx_HAL_Driver/Src/stm32l4xx_hal_rcc_ex.o
                0x08003914                HAL_RCCEx_GetPeriphCLKFreq
 .text.RCCEx_PLLSAI1_Config
                0x08004754      0x1e8 ./Drivers/STM32L4xx_HAL_Driver/Src/stm32l4xx_hal_rcc_ex.o
 .text.RCCEx_PLLSAI2_Config
                0x0800493c      0x1e8 ./Drivers/STM32L4xx_HAL_Driver/Src/stm32l4xx_hal_rcc_ex.o
 .text.RCCEx_GetSAIxPeriphCLKFreq
                0x08004b24      0x224 ./Drivers/STM32L4xx_HAL_Driver/Src/stm32l4xx_hal_rcc_ex.o
 .text.HAL_SAI_Init
                0x08004d48      0x3bc ./Drivers/STM32L4xx_HAL_Driver/Src/stm32l4xx_hal_sai.o
                0x08004d48                HAL_SAI_Init
 .text.SAI_Disable
                0x08005104       0x74 ./Drivers/STM32L4xx_HAL_Driver/Src/stm32l4xx_hal_sai.o
 .text.HAL_SD_Init
                0x08005178      0x122 ./Drivers/STM32L4xx_HAL_Driver/Src/stm32l4xx_hal_sd.o
                0x08005178                HAL_SD_Init
 *fill*         0x0800529a        0x2 
 .text.HAL_SD_InitCard
                0x0800529c      0x144 ./Drivers/STM32L4xx_HAL_Driver/Src/stm32l4xx_hal_sd.o
                0x0800529c                HAL_SD_InitCard
 .text.HAL_SD_GetCardCSD
                0x080053e0      0x348 ./Drivers/STM32L4xx_HAL_Driver/Src/stm32l4xx_hal_sd.o
                0x080053e0                HAL_SD_GetCardCSD
 .text.HAL_SD_GetCardStatus
                0x08005728      0x16c ./Drivers/STM32L4xx_HAL_Driver/Src/stm32l4xx_hal_sd.o
                0x08005728                HAL_SD_GetCardStatus
 .text.HAL_SD_ConfigWideBusOperation
                0x08005894      0x228 ./Drivers/STM32L4xx_HAL_Driver/Src/stm32l4xx_hal_sd.o
                0x08005894                HAL_SD_ConfigWideBusOperation
 .text.HAL_SD_GetCardState
                0x08005abc       0x40 ./Drivers/STM32L4xx_HAL_Driver/Src/stm32l4xx_hal_sd.o
                0x08005abc                HAL_SD_GetCardState
 .text.SD_InitCard
                0x08005afc      0x17e ./Drivers/STM32L4xx_HAL_Driver/Src/stm32l4xx_hal_sd.o
 *fill*         0x08005c7a        0x2 
 .text.SD_PowerON
                0x08005c7c      0x218 ./Drivers/STM32L4xx_HAL_Driver/Src/stm32l4xx_hal_sd.o
 .text.SD_SendSDStatus
                0x08005e94      0x1a0 ./Drivers/STM32L4xx_HAL_Driver/Src/stm32l4xx_hal_sd.o
 .text.SD_SendStatus
                0x08006034       0x50 ./Drivers/STM32L4xx_HAL_Driver/Src/stm32l4xx_hal_sd.o
 .text.SD_WideBus_Enable
                0x08006084       0x96 ./Drivers/STM32L4xx_HAL_Driver/Src/stm32l4xx_hal_sd.o
 .text.SD_WideBus_Disable
                0x0800611a       0x96 ./Drivers/STM32L4xx_HAL_Driver/Src/stm32l4xx_hal_sd.o
 .text.SD_FindSCR
                0x080061b0      0x1a0 ./Drivers/STM32L4xx_HAL_Driver/Src/stm32l4xx_hal_sd.o
 .text.HAL_SDEx_DriveTransceiver_1_8V_Callback
                0x08006350       0x16 ./Drivers/STM32L4xx_HAL_Driver/Src/stm32l4xx_hal_sd_ex.o
                0x08006350                HAL_SDEx_DriveTransceiver_1_8V_Callback
 .text.HAL_SPI_Init
                0x08006366      0x146 ./Drivers/STM32L4xx_HAL_Driver/Src/stm32l4xx_hal_spi.o
                0x08006366                HAL_SPI_Init
 .text.HAL_SRAM_Init
                0x080064ac       0x90 ./Drivers/STM32L4xx_HAL_Driver/Src/stm32l4xx_hal_sram.o
                0x080064ac                HAL_SRAM_Init
 .text.HAL_UART_Init
                0x0800653c       0xa0 ./Drivers/STM32L4xx_HAL_Driver/Src/stm32l4xx_hal_uart.o
                0x0800653c                HAL_UART_Init
 .text.UART_SetConfig
                0x080065dc      0x5f8 ./Drivers/STM32L4xx_HAL_Driver/Src/stm32l4xx_hal_uart.o
                0x080065dc                UART_SetConfig
 .text.UART_AdvFeatureConfig
                0x08006bd4      0x144 ./Drivers/STM32L4xx_HAL_Driver/Src/stm32l4xx_hal_uart.o
                0x08006bd4                UART_AdvFeatureConfig
 .text.UART_CheckIdleState
                0x08006d18      0x154 ./Drivers/STM32L4xx_HAL_Driver/Src/stm32l4xx_hal_uart.o
                0x08006d18                UART_CheckIdleState
 .text.UART_WaitOnFlagUntilTimeout
                0x08006e6c       0xda ./Drivers/STM32L4xx_HAL_Driver/Src/stm32l4xx_hal_uart.o
                0x08006e6c                UART_WaitOnFlagUntilTimeout
 .text.UART_EndRxTransfer
                0x08006f46       0xcc ./Drivers/STM32L4xx_HAL_Driver/Src/stm32l4xx_hal_uart.o
 .text.HAL_UARTEx_DisableFifoMode
                0x08007012       0x72 ./Drivers/STM32L4xx_HAL_Driver/Src/stm32l4xx_hal_uart_ex.o
                0x08007012                HAL_UARTEx_DisableFifoMode
 .text.HAL_UARTEx_SetTxFifoThreshold
                0x08007084       0x7c ./Drivers/STM32L4xx_HAL_Driver/Src/stm32l4xx_hal_uart_ex.o
                0x08007084                HAL_UARTEx_SetTxFifoThreshold
 .text.HAL_UARTEx_SetRxFifoThreshold
                0x08007100       0x7c ./Drivers/STM32L4xx_HAL_Driver/Src/stm32l4xx_hal_uart_ex.o
                0x08007100                HAL_UARTEx_SetRxFifoThreshold
 .text.UARTEx_SetNbDataToProcess
                0x0800717c       0x9c ./Drivers/STM32L4xx_HAL_Driver/Src/stm32l4xx_hal_uart_ex.o
 .text.FMC_NORSRAM_Init
                0x08007218      0x134 ./Drivers/STM32L4xx_HAL_Driver/Src/stm32l4xx_ll_fmc.o
                0x08007218                FMC_NORSRAM_Init
 .text.FMC_NORSRAM_Timing_Init
                0x0800734c       0x9a ./Drivers/STM32L4xx_HAL_Driver/Src/stm32l4xx_ll_fmc.o
                0x0800734c                FMC_NORSRAM_Timing_Init
 .text.FMC_NORSRAM_Extended_Timing_Init
                0x080073e6       0x74 ./Drivers/STM32L4xx_HAL_Driver/Src/stm32l4xx_ll_fmc.o
                0x080073e6                FMC_NORSRAM_Extended_Timing_Init
 *fill*         0x0800745a        0x2 
 .text.SDMMC_Init
                0x0800745c       0x54 ./Drivers/STM32L4xx_HAL_Driver/Src/stm32l4xx_ll_sdmmc.o
                0x0800745c                SDMMC_Init
 .text.SDMMC_ReadFIFO
                0x080074b0       0x1a ./Drivers/STM32L4xx_HAL_Driver/Src/stm32l4xx_ll_sdmmc.o
                0x080074b0                SDMMC_ReadFIFO
 .text.SDMMC_PowerState_ON
                0x080074ca       0x24 ./Drivers/STM32L4xx_HAL_Driver/Src/stm32l4xx_ll_sdmmc.o
                0x080074ca                SDMMC_PowerState_ON
 .text.SDMMC_GetPowerState
                0x080074ee       0x1c ./Drivers/STM32L4xx_HAL_Driver/Src/stm32l4xx_ll_sdmmc.o
                0x080074ee                SDMMC_GetPowerState
 *fill*         0x0800750a        0x2 
 .text.SDMMC_SendCommand
                0x0800750c       0x54 ./Drivers/STM32L4xx_HAL_Driver/Src/stm32l4xx_ll_sdmmc.o
                0x0800750c                SDMMC_SendCommand
 .text.SDMMC_GetCommandResponse
                0x08007560       0x1a ./Drivers/STM32L4xx_HAL_Driver/Src/stm32l4xx_ll_sdmmc.o
                0x08007560                SDMMC_GetCommandResponse
 .text.SDMMC_GetResponse
                0x0800757a       0x26 ./Drivers/STM32L4xx_HAL_Driver/Src/stm32l4xx_ll_sdmmc.o
                0x0800757a                SDMMC_GetResponse
 .text.SDMMC_ConfigData
                0x080075a0       0x58 ./Drivers/STM32L4xx_HAL_Driver/Src/stm32l4xx_ll_sdmmc.o
                0x080075a0                SDMMC_ConfigData
 .text.SDMMC_CmdBlockLength
                0x080075f8       0x46 ./Drivers/STM32L4xx_HAL_Driver/Src/stm32l4xx_ll_sdmmc.o
                0x080075f8                SDMMC_CmdBlockLength
 .text.SDMMC_CmdSelDesel
                0x0800763e       0x48 ./Drivers/STM32L4xx_HAL_Driver/Src/stm32l4xx_ll_sdmmc.o
                0x0800763e                SDMMC_CmdSelDesel
 .text.SDMMC_CmdGoIdleState
                0x08007686       0x3c ./Drivers/STM32L4xx_HAL_Driver/Src/stm32l4xx_ll_sdmmc.o
                0x08007686                SDMMC_CmdGoIdleState
 .text.SDMMC_CmdOperCond
                0x080076c2       0x40 ./Drivers/STM32L4xx_HAL_Driver/Src/stm32l4xx_ll_sdmmc.o
                0x080076c2                SDMMC_CmdOperCond
 .text.SDMMC_CmdAppCommand
                0x08007702       0x46 ./Drivers/STM32L4xx_HAL_Driver/Src/stm32l4xx_ll_sdmmc.o
                0x08007702                SDMMC_CmdAppCommand
 .text.SDMMC_CmdAppOperCommand
                0x08007748       0x40 ./Drivers/STM32L4xx_HAL_Driver/Src/stm32l4xx_ll_sdmmc.o
                0x08007748                SDMMC_CmdAppOperCommand
 .text.SDMMC_CmdBusWidth
                0x08007788       0x46 ./Drivers/STM32L4xx_HAL_Driver/Src/stm32l4xx_ll_sdmmc.o
                0x08007788                SDMMC_CmdBusWidth
 .text.SDMMC_CmdSendSCR
                0x080077ce       0x44 ./Drivers/STM32L4xx_HAL_Driver/Src/stm32l4xx_ll_sdmmc.o
                0x080077ce                SDMMC_CmdSendSCR
 .text.SDMMC_CmdSendCID
                0x08007812       0x3e ./Drivers/STM32L4xx_HAL_Driver/Src/stm32l4xx_ll_sdmmc.o
                0x08007812                SDMMC_CmdSendCID
 .text.SDMMC_CmdSendCSD
                0x08007850       0x40 ./Drivers/STM32L4xx_HAL_Driver/Src/stm32l4xx_ll_sdmmc.o
                0x08007850                SDMMC_CmdSendCSD
 .text.SDMMC_CmdSetRelAdd
                0x08007890       0x44 ./Drivers/STM32L4xx_HAL_Driver/Src/stm32l4xx_ll_sdmmc.o
                0x08007890                SDMMC_CmdSetRelAdd
 .text.SDMMC_CmdSendStatus
                0x080078d4       0x46 ./Drivers/STM32L4xx_HAL_Driver/Src/stm32l4xx_ll_sdmmc.o
                0x080078d4                SDMMC_CmdSendStatus
 .text.SDMMC_CmdStatusRegister
                0x0800791a       0x44 ./Drivers/STM32L4xx_HAL_Driver/Src/stm32l4xx_ll_sdmmc.o
                0x0800791a                SDMMC_CmdStatusRegister
 .text.SDMMC_CmdVoltageSwitch
                0x0800795e       0x44 ./Drivers/STM32L4xx_HAL_Driver/Src/stm32l4xx_ll_sdmmc.o
                0x0800795e                SDMMC_CmdVoltageSwitch
 *fill*         0x080079a2        0x2 
 .text.SDMMC_GetCmdResp1
                0x080079a4      0x1e4 ./Drivers/STM32L4xx_HAL_Driver/Src/stm32l4xx_ll_sdmmc.o
                0x080079a4                SDMMC_GetCmdResp1
 .text.SDMMC_GetCmdResp2
                0x08007b88       0x94 ./Drivers/STM32L4xx_HAL_Driver/Src/stm32l4xx_ll_sdmmc.o
                0x08007b88                SDMMC_GetCmdResp2
 .text.SDMMC_GetCmdResp3
                0x08007c1c       0x80 ./Drivers/STM32L4xx_HAL_Driver/Src/stm32l4xx_ll_sdmmc.o
                0x08007c1c                SDMMC_GetCmdResp3
 .text.SDMMC_GetCmdResp6
                0x08007c9c       0xf0 ./Drivers/STM32L4xx_HAL_Driver/Src/stm32l4xx_ll_sdmmc.o
                0x08007c9c                SDMMC_GetCmdResp6
 .text.SDMMC_GetCmdResp7
                0x08007d8c       0x9c ./Drivers/STM32L4xx_HAL_Driver/Src/stm32l4xx_ll_sdmmc.o
                0x08007d8c                SDMMC_GetCmdResp7
 .text.SDMMC_GetCmdError
                0x08007e28       0x5c ./Drivers/STM32L4xx_HAL_Driver/Src/stm32l4xx_ll_sdmmc.o
 .text.USB_CoreInit
                0x08007e84       0x5a ./Drivers/STM32L4xx_HAL_Driver/Src/stm32l4xx_ll_usb.o
                0x08007e84                USB_CoreInit
 .text.USB_DisableGlobalInt
                0x08007ede       0x22 ./Drivers/STM32L4xx_HAL_Driver/Src/stm32l4xx_ll_usb.o
                0x08007ede                USB_DisableGlobalInt
 .text.USB_SetCurrentMode
                0x08007f00       0x98 ./Drivers/STM32L4xx_HAL_Driver/Src/stm32l4xx_ll_usb.o
                0x08007f00                USB_SetCurrentMode
 .text.USB_DevInit
                0x08007f98      0x290 ./Drivers/STM32L4xx_HAL_Driver/Src/stm32l4xx_ll_usb.o
                0x08007f98                USB_DevInit
 .text.USB_FlushTxFifo
                0x08008228       0x64 ./Drivers/STM32L4xx_HAL_Driver/Src/stm32l4xx_ll_usb.o
                0x08008228                USB_FlushTxFifo
 .text.USB_FlushRxFifo
                0x0800828c       0x5c ./Drivers/STM32L4xx_HAL_Driver/Src/stm32l4xx_ll_usb.o
                0x0800828c                USB_FlushRxFifo
 .text.USB_SetDevSpeed
                0x080082e8       0x32 ./Drivers/STM32L4xx_HAL_Driver/Src/stm32l4xx_ll_usb.o
                0x080082e8                USB_SetDevSpeed
 .text.USB_DevDisconnect
                0x0800831a       0x42 ./Drivers/STM32L4xx_HAL_Driver/Src/stm32l4xx_ll_usb.o
                0x0800831a                USB_DevDisconnect
 .text.USB_GetMode
                0x0800835c       0x1c ./Drivers/STM32L4xx_HAL_Driver/Src/stm32l4xx_ll_usb.o
                0x0800835c                USB_GetMode
 .text.USB_CoreReset
                0x08008378       0x62 ./Drivers/STM32L4xx_HAL_Driver/Src/stm32l4xx_ll_usb.o
 .text.MX_X_CUBE_AI_Init
                0x080083da        0xe ./X-CUBE-AI/App/app_x-cube-ai.o
                0x080083da                MX_X_CUBE_AI_Init
 .text.MX_X_CUBE_AI_Process
                0x080083e8        0xe ./X-CUBE-AI/App/app_x-cube-ai.o
                0x080083e8                MX_X_CUBE_AI_Process
 .text.memset   0x080083f6       0x10 C:/ST/STM32CubeIDE_1.13.1/STM32CubeIDE/plugins/com.st.stm32cube.ide.mcu.externaltools.gnu-tools-for-stm32.13.3.rel1.win32_1.0.0.202411081344/tools/bin/../lib/gcc/arm-none-eabi/13.3.1/../../../../arm-none-eabi/lib/thumb/v7e-m+fp/hard\libc_nano.a(libc_a-memset.o)
                0x080083f6                memset
 *fill*         0x08008406        0x2 
 .text.__libc_init_array
                0x08008408       0x48 C:/ST/STM32CubeIDE_1.13.1/STM32CubeIDE/plugins/com.st.stm32cube.ide.mcu.externaltools.gnu-tools-for-stm32.13.3.rel1.win32_1.0.0.202411081344/tools/bin/../lib/gcc/arm-none-eabi/13.3.1/../../../../arm-none-eabi/lib/thumb/v7e-m+fp/hard\libc_nano.a(libc_a-init.o)
                0x08008408                __libc_init_array
 *(.glue_7)
 .glue_7        0x08008450        0x0 linker stubs
 *(.glue_7t)
 .glue_7t       0x08008450        0x0 linker stubs
 *(.eh_frame)
 .eh_frame      0x08008450        0x0 C:/ST/STM32CubeIDE_1.13.1/STM32CubeIDE/plugins/com.st.stm32cube.ide.mcu.externaltools.gnu-tools-for-stm32.13.3.rel1.win32_1.0.0.202411081344/tools/bin/../lib/gcc/arm-none-eabi/13.3.1/thumb/v7e-m+fp/hard/crtbegin.o
 *(.init)
 .init          0x08008450        0x4 C:/ST/STM32CubeIDE_1.13.1/STM32CubeIDE/plugins/com.st.stm32cube.ide.mcu.externaltools.gnu-tools-for-stm32.13.3.rel1.win32_1.0.0.202411081344/tools/bin/../lib/gcc/arm-none-eabi/13.3.1/thumb/v7e-m+fp/hard/crti.o
                0x08008450                _init
 .init          0x08008454        0x8 C:/ST/STM32CubeIDE_1.13.1/STM32CubeIDE/plugins/com.st.stm32cube.ide.mcu.externaltools.gnu-tools-for-stm32.13.3.rel1.win32_1.0.0.202411081344/tools/bin/../lib/gcc/arm-none-eabi/13.3.1/thumb/v7e-m+fp/hard/crtn.o
 *(.fini)
 .fini          0x0800845c        0x4 C:/ST/STM32CubeIDE_1.13.1/STM32CubeIDE/plugins/com.st.stm32cube.ide.mcu.externaltools.gnu-tools-for-stm32.13.3.rel1.win32_1.0.0.202411081344/tools/bin/../lib/gcc/arm-none-eabi/13.3.1/thumb/v7e-m+fp/hard/crti.o
                0x0800845c                _fini
 .fini          0x08008460        0x8 C:/ST/STM32CubeIDE_1.13.1/STM32CubeIDE/plugins/com.st.stm32cube.ide.mcu.externaltools.gnu-tools-for-stm32.13.3.rel1.win32_1.0.0.202411081344/tools/bin/../lib/gcc/arm-none-eabi/13.3.1/thumb/v7e-m+fp/hard/crtn.o
                0x08008468                        . = ALIGN (0x4)
                0x08008468                        _etext = .

.vfp11_veneer   0x08008468        0x0
 .vfp11_veneer  0x08008468        0x0 linker stubs

.v4_bx          0x08008468        0x0
 .v4_bx         0x08008468        0x0 linker stubs

.iplt           0x08008468        0x0
 .iplt          0x08008468        0x0 C:/ST/STM32CubeIDE_1.13.1/STM32CubeIDE/plugins/com.st.stm32cube.ide.mcu.externaltools.gnu-tools-for-stm32.13.3.rel1.win32_1.0.0.202411081344/tools/bin/../lib/gcc/arm-none-eabi/13.3.1/thumb/v7e-m+fp/hard/crtbegin.o

.rodata         0x08008468       0x70
                0x08008468                        . = ALIGN (0x4)
 *(.rodata)
 *(.rodata*)
 .rodata.AHBPrescTable
                0x08008468       0x10 ./Core/Src/system_stm32l4xx.o
                0x08008468                AHBPrescTable
 .rodata.APBPrescTable
                0x08008478        0x8 ./Core/Src/system_stm32l4xx.o
                0x08008478                APBPrescTable
 .rodata.MSIRangeTable
                0x08008480       0x30 ./Core/Src/system_stm32l4xx.o
                0x08008480                MSIRangeTable
 .rodata.UARTPrescTable
                0x080084b0       0x18 ./Drivers/STM32L4xx_HAL_Driver/Src/stm32l4xx_hal_uart.o
                0x080084b0                UARTPrescTable
 .rodata.numerator.1
                0x080084c8        0x8 ./Drivers/STM32L4xx_HAL_Driver/Src/stm32l4xx_hal_uart_ex.o
 .rodata.denominator.0
                0x080084d0        0x8 ./Drivers/STM32L4xx_HAL_Driver/Src/stm32l4xx_hal_uart_ex.o
                0x080084d8                        . = ALIGN (0x4)

.ARM.extab      0x080084d8        0x0
                0x080084d8                        . = ALIGN (0x4)
 *(.ARM.extab* .gnu.linkonce.armextab.*)
                0x080084d8                        . = ALIGN (0x4)

.ARM            0x080084d8        0x8
                0x080084d8                        . = ALIGN (0x4)
                0x080084d8                        __exidx_start = .
 *(.ARM.exidx*)
 .ARM.exidx     0x080084d8        0x8 C:/ST/STM32CubeIDE_1.13.1/STM32CubeIDE/plugins/com.st.stm32cube.ide.mcu.externaltools.gnu-tools-for-stm32.13.3.rel1.win32_1.0.0.202411081344/tools/bin/../lib/gcc/arm-none-eabi/13.3.1/thumb/v7e-m+fp/hard\libgcc.a(_udivmoddi4.o)
                0x080084e0                        __exidx_end = .
                0x080084e0                        . = ALIGN (0x4)

.preinit_array  0x080084e0        0x0
                0x080084e0                        . = ALIGN (0x4)
                0x080084e0                        PROVIDE (__preinit_array_start = .)
 *(.preinit_array*)
                0x080084e0                        PROVIDE (__preinit_array_end = .)
                0x080084e0                        . = ALIGN (0x4)

.init_array     0x080084e0        0x4
                0x080084e0                        . = ALIGN (0x4)
                0x080084e0                        PROVIDE (__init_array_start = .)
 *(SORT_BY_NAME(.init_array.*))
 *(.init_array*)
 .init_array    0x080084e0        0x4 C:/ST/STM32CubeIDE_1.13.1/STM32CubeIDE/plugins/com.st.stm32cube.ide.mcu.externaltools.gnu-tools-for-stm32.13.3.rel1.win32_1.0.0.202411081344/tools/bin/../lib/gcc/arm-none-eabi/13.3.1/thumb/v7e-m+fp/hard/crtbegin.o
                0x080084e4                        PROVIDE (__init_array_end = .)
                0x080084e4                        . = ALIGN (0x4)

.fini_array     0x080084e4        0x4
                0x080084e4                        . = ALIGN (0x4)
                [!provide]                        PROVIDE (__fini_array_start = .)
 *(SORT_BY_NAME(.fini_array.*))
 *(.fini_array*)
 .fini_array    0x080084e4        0x4 C:/ST/STM32CubeIDE_1.13.1/STM32CubeIDE/plugins/com.st.stm32cube.ide.mcu.externaltools.gnu-tools-for-stm32.13.3.rel1.win32_1.0.0.202411081344/tools/bin/../lib/gcc/arm-none-eabi/13.3.1/thumb/v7e-m+fp/hard/crtbegin.o
                [!provide]                        PROVIDE (__fini_array_end = .)
                0x080084e8                        . = ALIGN (0x4)
                0x080084e8                        _sidata = LOADADDR (.data)

.rel.dyn        0x080084e8        0x0
 .rel.iplt      0x080084e8        0x0 C:/ST/STM32CubeIDE_1.13.1/STM32CubeIDE/plugins/com.st.stm32cube.ide.mcu.externaltools.gnu-tools-for-stm32.13.3.rel1.win32_1.0.0.202411081344/tools/bin/../lib/gcc/arm-none-eabi/13.3.1/thumb/v7e-m+fp/hard/crtbegin.o

.data           0x20000000        0xc load address 0x080084e8
                0x20000000                        . = ALIGN (0x4)
                0x20000000                        _sdata = .
 *(.data)
 *(.data*)
 .data.SystemCoreClock
                0x20000000        0x4 ./Core/Src/system_stm32l4xx.o
                0x20000000                SystemCoreClock
 .data.uwTickPrio
                0x20000004        0x4 ./Drivers/STM32L4xx_HAL_Driver/Src/stm32l4xx_hal.o
                0x20000004                uwTickPrio
 .data.uwTickFreq
                0x20000008        0x1 ./Drivers/STM32L4xx_HAL_Driver/Src/stm32l4xx_hal.o
                0x20000008                uwTickFreq
 *(.RamFunc)
 *(.RamFunc*)
                0x2000000c                        . = ALIGN (0x4)
 *fill*         0x20000009        0x3 
                0x2000000c                        _edata = .

.igot.plt       0x2000000c        0x0 load address 0x080084f4
 .igot.plt      0x2000000c        0x0 C:/ST/STM32CubeIDE_1.13.1/STM32CubeIDE/plugins/com.st.stm32cube.ide.mcu.externaltools.gnu-tools-for-stm32.13.3.rel1.win32_1.0.0.202411081344/tools/bin/../lib/gcc/arm-none-eabi/13.3.1/thumb/v7e-m+fp/hard/crtbegin.o
                0x2000000c                        . = ALIGN (0x4)

.bss            0x2000000c      0x850 load address 0x080084f4
                0x2000000c                        _sbss = .
                0x2000000c                        __bss_start__ = _sbss
 *(.bss)
 .bss           0x2000000c       0x1c C:/ST/STM32CubeIDE_1.13.1/STM32CubeIDE/plugins/com.st.stm32cube.ide.mcu.externaltools.gnu-tools-for-stm32.13.3.rel1.win32_1.0.0.202411081344/tools/bin/../lib/gcc/arm-none-eabi/13.3.1/thumb/v7e-m+fp/hard/crtbegin.o
 *(.bss*)
 .bss.hi2c1     0x20000028       0x54 ./Core/Src/main.o
                0x20000028                hi2c1
 .bss.hsai_BlockA1
                0x2000007c       0x94 ./Core/Src/main.o
                0x2000007c                hsai_BlockA1
 .bss.hsd1      0x20000110       0x80 ./Core/Src/main.o
                0x20000110                hsd1
 .bss.hspi2     0x20000190       0x64 ./Core/Src/main.o
                0x20000190                hspi2
 .bss.huart2    0x200001f4       0x94 ./Core/Src/main.o
                0x200001f4                huart2
 .bss.huart3    0x20000288       0x94 ./Core/Src/main.o
                0x20000288                huart3
 .bss.hpcd_USB_OTG_FS
                0x2000031c      0x4e4 ./Core/Src/main.o
                0x2000031c                hpcd_USB_OTG_FS
 .bss.hsram1    0x20000800       0x50 ./Core/Src/main.o
                0x20000800                hsram1
 .bss.FMC_Initialized
                0x20000850        0x4 ./Core/Src/stm32l4xx_hal_msp.o
 .bss.SAI1_client
                0x20000854        0x4 ./Core/Src/stm32l4xx_hal_msp.o
 .bss.uwTick    0x20000858        0x4 ./Drivers/STM32L4xx_HAL_Driver/Src/stm32l4xx_hal.o
                0x20000858                uwTick
 *(COMMON)
                0x2000085c                        . = ALIGN (0x4)
                0x2000085c                        _ebss = .
                0x2000085c                        __bss_end__ = _ebss

._user_heap_stack
                0x20040000     0x1000
                0x20040000                        . = ALIGN (0x8)
                [!provide]                        PROVIDE (end = .)
                0x20040000                        PROVIDE (_end = .)
                0x20040800                        . = (. + _Min_Heap_Size)
 *fill*         0x20040000      0x800 
                0x20041000                        . = (. + _Min_Stack_Size)
 *fill*         0x20040800      0x800 
                0x20041000                        . = ALIGN (0x8)

/DISCARD/
 libc.a(*)
 libm.a(*)
 libgcc.a(*)

.ARM.attributes
                0x00000000       0x30
 *(.ARM.attributes)
 .ARM.attributes
                0x00000000       0x22 C:/ST/STM32CubeIDE_1.13.1/STM32CubeIDE/plugins/com.st.stm32cube.ide.mcu.externaltools.gnu-tools-for-stm32.13.3.rel1.win32_1.0.0.202411081344/tools/bin/../lib/gcc/arm-none-eabi/13.3.1/thumb/v7e-m+fp/hard/crti.o
 .ARM.attributes
                0x00000022       0x34 C:/ST/STM32CubeIDE_1.13.1/STM32CubeIDE/plugins/com.st.stm32cube.ide.mcu.externaltools.gnu-tools-for-stm32.13.3.rel1.win32_1.0.0.202411081344/tools/bin/../lib/gcc/arm-none-eabi/13.3.1/thumb/v7e-m+fp/hard/crtbegin.o
 .ARM.attributes
                0x00000056       0x34 ./Core/Src/main.o
 .ARM.attributes
                0x0000008a       0x34 ./Core/Src/stm32l4xx_hal_msp.o
 .ARM.attributes
                0x000000be       0x34 ./Core/Src/stm32l4xx_it.o
 .ARM.attributes
                0x000000f2       0x34 ./Core/Src/system_stm32l4xx.o
 .ARM.attributes
                0x00000126       0x21 ./Core/Startup/startup_stm32l4r9aiix.o
 .ARM.attributes
                0x00000147       0x34 ./Drivers/STM32L4xx_HAL_Driver/Src/stm32l4xx_hal.o
 .ARM.attributes
                0x0000017b       0x34 ./Drivers/STM32L4xx_HAL_Driver/Src/stm32l4xx_hal_cortex.o
 .ARM.attributes
                0x000001af       0x34 ./Drivers/STM32L4xx_HAL_Driver/Src/stm32l4xx_hal_gpio.o
 .ARM.attributes
                0x000001e3       0x34 ./Drivers/STM32L4xx_HAL_Driver/Src/stm32l4xx_hal_i2c.o
 .ARM.attributes
                0x00000217       0x34 ./Drivers/STM32L4xx_HAL_Driver/Src/stm32l4xx_hal_i2c_ex.o
 .ARM.attributes
                0x0000024b       0x34 ./Drivers/STM32L4xx_HAL_Driver/Src/stm32l4xx_hal_pcd.o
 .ARM.attributes
                0x0000027f       0x34 ./Drivers/STM32L4xx_HAL_Driver/Src/stm32l4xx_hal_pcd_ex.o
 .ARM.attributes
                0x000002b3       0x34 ./Drivers/STM32L4xx_HAL_Driver/Src/stm32l4xx_hal_pwr_ex.o
 .ARM.attributes
                0x000002e7       0x34 ./Drivers/STM32L4xx_HAL_Driver/Src/stm32l4xx_hal_rcc.o
 .ARM.attributes
                0x0000031b       0x34 ./Drivers/STM32L4xx_HAL_Driver/Src/stm32l4xx_hal_rcc_ex.o
 .ARM.attributes
                0x0000034f       0x34 ./Drivers/STM32L4xx_HAL_Driver/Src/stm32l4xx_hal_sai.o
 .ARM.attributes
                0x00000383       0x34 ./Drivers/STM32L4xx_HAL_Driver/Src/stm32l4xx_hal_sd.o
 .ARM.attributes
                0x000003b7       0x34 ./Drivers/STM32L4xx_HAL_Driver/Src/stm32l4xx_hal_sd_ex.o
 .ARM.attributes
                0x000003eb       0x34 ./Drivers/STM32L4xx_HAL_Driver/Src/stm32l4xx_hal_spi.o
 .ARM.attributes
                0x0000041f       0x34 ./Drivers/STM32L4xx_HAL_Driver/Src/stm32l4xx_hal_sram.o
 .ARM.attributes
                0x00000453       0x34 ./Drivers/STM32L4xx_HAL_Driver/Src/stm32l4xx_hal_uart.o
 .ARM.attributes
                0x00000487       0x34 ./Drivers/STM32L4xx_HAL_Driver/Src/stm32l4xx_hal_uart_ex.o
 .ARM.attributes
                0x000004bb       0x34 ./Drivers/STM32L4xx_HAL_Driver/Src/stm32l4xx_ll_fmc.o
 .ARM.attributes
                0x000004ef       0x34 ./Drivers/STM32L4xx_HAL_Driver/Src/stm32l4xx_ll_sdmmc.o
 .ARM.attributes
                0x00000523       0x34 ./Drivers/STM32L4xx_HAL_Driver/Src/stm32l4xx_ll_usb.o
 .ARM.attributes
                0x00000557       0x34 ./X-CUBE-AI/App/app_x-cube-ai.o
 .ARM.attributes
                0x0000058b       0x34 C:/ST/STM32CubeIDE_1.13.1/STM32CubeIDE/plugins/com.st.stm32cube.ide.mcu.externaltools.gnu-tools-for-stm32.13.3.rel1.win32_1.0.0.202411081344/tools/bin/../lib/gcc/arm-none-eabi/13.3.1/../../../../arm-none-eabi/lib/thumb/v7e-m+fp/hard\libc_nano.a(libc_a-memset.o)
 .ARM.attributes
                0x000005bf       0x34 C:/ST/STM32CubeIDE_1.13.1/STM32CubeIDE/plugins/com.st.stm32cube.ide.mcu.externaltools.gnu-tools-for-stm32.13.3.rel1.win32_1.0.0.202411081344/tools/bin/../lib/gcc/arm-none-eabi/13.3.1/../../../../arm-none-eabi/lib/thumb/v7e-m+fp/hard\libc_nano.a(libc_a-init.o)
 .ARM.attributes
                0x000005f3       0x22 C:/ST/STM32CubeIDE_1.13.1/STM32CubeIDE/plugins/com.st.stm32cube.ide.mcu.externaltools.gnu-tools-for-stm32.13.3.rel1.win32_1.0.0.202411081344/tools/bin/../lib/gcc/arm-none-eabi/13.3.1/thumb/v7e-m+fp/hard\libgcc.a(_aeabi_uldivmod.o)
 .ARM.attributes
                0x00000615       0x34 C:/ST/STM32CubeIDE_1.13.1/STM32CubeIDE/plugins/com.st.stm32cube.ide.mcu.externaltools.gnu-tools-for-stm32.13.3.rel1.win32_1.0.0.202411081344/tools/bin/../lib/gcc/arm-none-eabi/13.3.1/thumb/v7e-m+fp/hard\libgcc.a(_udivmoddi4.o)
 .ARM.attributes
                0x00000649       0x22 C:/ST/STM32CubeIDE_1.13.1/STM32CubeIDE/plugins/com.st.stm32cube.ide.mcu.externaltools.gnu-tools-for-stm32.13.3.rel1.win32_1.0.0.202411081344/tools/bin/../lib/gcc/arm-none-eabi/13.3.1/thumb/v7e-m+fp/hard\libgcc.a(_dvmd_tls.o)
 .ARM.attributes
                0x0000066b       0x22 C:/ST/STM32CubeIDE_1.13.1/STM32CubeIDE/plugins/com.st.stm32cube.ide.mcu.externaltools.gnu-tools-for-stm32.13.3.rel1.win32_1.0.0.202411081344/tools/bin/../lib/gcc/arm-none-eabi/13.3.1/thumb/v7e-m+fp/hard/crtn.o
OUTPUT(IAembarquee.elf elf32-littlearm)
LOAD linker stubs
LOAD C:/ST/STM32CubeIDE_1.13.1/STM32CubeIDE/plugins/com.st.stm32cube.ide.mcu.externaltools.gnu-tools-for-stm32.13.3.rel1.win32_1.0.0.202411081344/tools/bin/../lib/gcc/arm-none-eabi/13.3.1/../../../../arm-none-eabi/lib/thumb/v7e-m+fp/hard\libc.a
LOAD C:/ST/STM32CubeIDE_1.13.1/STM32CubeIDE/plugins/com.st.stm32cube.ide.mcu.externaltools.gnu-tools-for-stm32.13.3.rel1.win32_1.0.0.202411081344/tools/bin/../lib/gcc/arm-none-eabi/13.3.1/../../../../arm-none-eabi/lib/thumb/v7e-m+fp/hard\libm.a
LOAD C:/ST/STM32CubeIDE_1.13.1/STM32CubeIDE/plugins/com.st.stm32cube.ide.mcu.externaltools.gnu-tools-for-stm32.13.3.rel1.win32_1.0.0.202411081344/tools/bin/../lib/gcc/arm-none-eabi/13.3.1/thumb/v7e-m+fp/hard\libgcc.a

.debug_info     0x00000000    0x1d4ce
 .debug_info    0x00000000     0x25c7 ./Core/Src/main.o
 .debug_info    0x000025c7     0x2752 ./Core/Src/stm32l4xx_hal_msp.o
 .debug_info    0x00004d19      0x113 ./Core/Src/stm32l4xx_it.o
 .debug_info    0x00004e2c      0x5e9 ./Core/Src/system_stm32l4xx.o
 .debug_info    0x00005415       0x30 ./Core/Startup/startup_stm32l4r9aiix.o
 .debug_info    0x00005445      0xb61 ./Drivers/STM32L4xx_HAL_Driver/Src/stm32l4xx_hal.o
 .debug_info    0x00005fa6      0xdb1 ./Drivers/STM32L4xx_HAL_Driver/Src/stm32l4xx_hal_cortex.o
 .debug_info    0x00006d57      0x787 ./Drivers/STM32L4xx_HAL_Driver/Src/stm32l4xx_hal_gpio.o
 .debug_info    0x000074de     0x21ea ./Drivers/STM32L4xx_HAL_Driver/Src/stm32l4xx_hal_i2c.o
 .debug_info    0x000096c8      0xafd ./Drivers/STM32L4xx_HAL_Driver/Src/stm32l4xx_hal_i2c_ex.o
 .debug_info    0x0000a1c5     0x14d6 ./Drivers/STM32L4xx_HAL_Driver/Src/stm32l4xx_hal_pcd.o
 .debug_info    0x0000b69b      0x8a0 ./Drivers/STM32L4xx_HAL_Driver/Src/stm32l4xx_hal_pcd_ex.o
 .debug_info    0x0000bf3b      0xa0a ./Drivers/STM32L4xx_HAL_Driver/Src/stm32l4xx_hal_pwr_ex.o
 .debug_info    0x0000c945      0xd32 ./Drivers/STM32L4xx_HAL_Driver/Src/stm32l4xx_hal_rcc.o
 .debug_info    0x0000d677     0x1181 ./Drivers/STM32L4xx_HAL_Driver/Src/stm32l4xx_hal_rcc_ex.o
 .debug_info    0x0000e7f8     0x1394 ./Drivers/STM32L4xx_HAL_Driver/Src/stm32l4xx_hal_sai.o
 .debug_info    0x0000fb8c     0x1b1f ./Drivers/STM32L4xx_HAL_Driver/Src/stm32l4xx_hal_sd.o
 .debug_info    0x000116ab      0x817 ./Drivers/STM32L4xx_HAL_Driver/Src/stm32l4xx_hal_sd_ex.o
 .debug_info    0x00011ec2     0x165d ./Drivers/STM32L4xx_HAL_Driver/Src/stm32l4xx_hal_spi.o
 .debug_info    0x0001351f      0xe2c ./Drivers/STM32L4xx_HAL_Driver/Src/stm32l4xx_hal_sram.o
 .debug_info    0x0001434b     0x4875 ./Drivers/STM32L4xx_HAL_Driver/Src/stm32l4xx_hal_uart.o
 .debug_info    0x00018bc0     0x1018 ./Drivers/STM32L4xx_HAL_Driver/Src/stm32l4xx_hal_uart_ex.o
 .debug_info    0x00019bd8      0x7a0 ./Drivers/STM32L4xx_HAL_Driver/Src/stm32l4xx_ll_fmc.o
 .debug_info    0x0001a378     0x11e8 ./Drivers/STM32L4xx_HAL_Driver/Src/stm32l4xx_ll_sdmmc.o
 .debug_info    0x0001b560     0x1994 ./Drivers/STM32L4xx_HAL_Driver/Src/stm32l4xx_ll_usb.o
 .debug_info    0x0001cef4      0x5da ./X-CUBE-AI/App/app_x-cube-ai.o

.debug_abbrev   0x00000000     0x38de
 .debug_abbrev  0x00000000      0x2e4 ./Core/Src/main.o
 .debug_abbrev  0x000002e4      0x2be ./Core/Src/stm32l4xx_hal_msp.o
 .debug_abbrev  0x000005a2       0x73 ./Core/Src/stm32l4xx_it.o
 .debug_abbrev  0x00000615      0x11a ./Core/Src/system_stm32l4xx.o
 .debug_abbrev  0x0000072f       0x24 ./Core/Startup/startup_stm32l4r9aiix.o
 .debug_abbrev  0x00000753      0x242 ./Drivers/STM32L4xx_HAL_Driver/Src/stm32l4xx_hal.o
 .debug_abbrev  0x00000995      0x31c ./Drivers/STM32L4xx_HAL_Driver/Src/stm32l4xx_hal_cortex.o
 .debug_abbrev  0x00000cb1      0x1cb ./Drivers/STM32L4xx_HAL_Driver/Src/stm32l4xx_hal_gpio.o
 .debug_abbrev  0x00000e7c      0x25e ./Drivers/STM32L4xx_HAL_Driver/Src/stm32l4xx_hal_i2c.o
 .debug_abbrev  0x000010da      0x1c0 ./Drivers/STM32L4xx_HAL_Driver/Src/stm32l4xx_hal_i2c_ex.o
 .debug_abbrev  0x0000129a      0x2da ./Drivers/STM32L4xx_HAL_Driver/Src/stm32l4xx_hal_pcd.o
 .debug_abbrev  0x00001574      0x256 ./Drivers/STM32L4xx_HAL_Driver/Src/stm32l4xx_hal_pcd_ex.o
 .debug_abbrev  0x000017ca      0x1f9 ./Drivers/STM32L4xx_HAL_Driver/Src/stm32l4xx_hal_pwr_ex.o
 .debug_abbrev  0x000019c3      0x306 ./Drivers/STM32L4xx_HAL_Driver/Src/stm32l4xx_hal_rcc.o
 .debug_abbrev  0x00001cc9      0x2a3 ./Drivers/STM32L4xx_HAL_Driver/Src/stm32l4xx_hal_rcc_ex.o
 .debug_abbrev  0x00001f6c      0x288 ./Drivers/STM32L4xx_HAL_Driver/Src/stm32l4xx_hal_sai.o
 .debug_abbrev  0x000021f4      0x271 ./Drivers/STM32L4xx_HAL_Driver/Src/stm32l4xx_hal_sd.o
 .debug_abbrev  0x00002465      0x23e ./Drivers/STM32L4xx_HAL_Driver/Src/stm32l4xx_hal_sd_ex.o
 .debug_abbrev  0x000026a3      0x25d ./Drivers/STM32L4xx_HAL_Driver/Src/stm32l4xx_hal_spi.o
 .debug_abbrev  0x00002900      0x1f1 ./Drivers/STM32L4xx_HAL_Driver/Src/stm32l4xx_hal_sram.o
 .debug_abbrev  0x00002af1      0x304 ./Drivers/STM32L4xx_HAL_Driver/Src/stm32l4xx_hal_uart.o
 .debug_abbrev  0x00002df5      0x2d2 ./Drivers/STM32L4xx_HAL_Driver/Src/stm32l4xx_hal_uart_ex.o
 .debug_abbrev  0x000030c7      0x1ad ./Drivers/STM32L4xx_HAL_Driver/Src/stm32l4xx_ll_fmc.o
 .debug_abbrev  0x00003274      0x1f3 ./Drivers/STM32L4xx_HAL_Driver/Src/stm32l4xx_ll_sdmmc.o
 .debug_abbrev  0x00003467      0x2b1 ./Drivers/STM32L4xx_HAL_Driver/Src/stm32l4xx_ll_usb.o
 .debug_abbrev  0x00003718      0x1c6 ./X-CUBE-AI/App/app_x-cube-ai.o

.debug_aranges  0x00000000     0x18d0
 .debug_aranges
                0x00000000       0x78 ./Core/Src/main.o
 .debug_aranges
                0x00000078       0xa0 ./Core/Src/stm32l4xx_hal_msp.o
 .debug_aranges
                0x00000118       0x60 ./Core/Src/stm32l4xx_it.o
 .debug_aranges
                0x00000178       0x28 ./Core/Src/system_stm32l4xx.o
 .debug_aranges
                0x000001a0       0x28 ./Core/Startup/startup_stm32l4r9aiix.o
 .debug_aranges
                0x000001c8      0x130 ./Drivers/STM32L4xx_HAL_Driver/Src/stm32l4xx_hal.o
 .debug_aranges
                0x000002f8      0x128 ./Drivers/STM32L4xx_HAL_Driver/Src/stm32l4xx_hal_cortex.o
 .debug_aranges
                0x00000420       0x58 ./Drivers/STM32L4xx_HAL_Driver/Src/stm32l4xx_hal_gpio.o
 .debug_aranges
                0x00000478      0x2a0 ./Drivers/STM32L4xx_HAL_Driver/Src/stm32l4xx_hal_i2c.o
 .debug_aranges
                0x00000718       0x48 ./Drivers/STM32L4xx_HAL_Driver/Src/stm32l4xx_hal_i2c_ex.o
 .debug_aranges
                0x00000760      0x138 ./Drivers/STM32L4xx_HAL_Driver/Src/stm32l4xx_hal_pcd.o
 .debug_aranges
                0x00000898       0x60 ./Drivers/STM32L4xx_HAL_Driver/Src/stm32l4xx_hal_pcd_ex.o
 .debug_aranges
                0x000008f8      0x170 ./Drivers/STM32L4xx_HAL_Driver/Src/stm32l4xx_hal_pwr_ex.o
 .debug_aranges
                0x00000a68       0x98 ./Drivers/STM32L4xx_HAL_Driver/Src/stm32l4xx_hal_rcc.o
 .debug_aranges
                0x00000b00      0x110 ./Drivers/STM32L4xx_HAL_Driver/Src/stm32l4xx_hal_rcc_ex.o
 .debug_aranges
                0x00000c10      0x178 ./Drivers/STM32L4xx_HAL_Driver/Src/stm32l4xx_hal_sai.o
 .debug_aranges
                0x00000d88      0x160 ./Drivers/STM32L4xx_HAL_Driver/Src/stm32l4xx_hal_sd.o
 .debug_aranges
                0x00000ee8       0x68 ./Drivers/STM32L4xx_HAL_Driver/Src/stm32l4xx_hal_sd_ex.o
 .debug_aranges
                0x00000f50      0x1d8 ./Drivers/STM32L4xx_HAL_Driver/Src/stm32l4xx_hal_spi.o
 .debug_aranges
                0x00001128       0xb8 ./Drivers/STM32L4xx_HAL_Driver/Src/stm32l4xx_hal_sram.o
 .debug_aranges
                0x000011e0      0x248 ./Drivers/STM32L4xx_HAL_Driver/Src/stm32l4xx_hal_uart.o
 .debug_aranges
                0x00001428       0xa8 ./Drivers/STM32L4xx_HAL_Driver/Src/stm32l4xx_hal_uart_ex.o
 .debug_aranges
                0x000014d0       0x80 ./Drivers/STM32L4xx_HAL_Driver/Src/stm32l4xx_ll_fmc.o
 .debug_aranges
                0x00001550      0x1a0 ./Drivers/STM32L4xx_HAL_Driver/Src/stm32l4xx_ll_sdmmc.o
 .debug_aranges
                0x000016f0      0x1a0 ./Drivers/STM32L4xx_HAL_Driver/Src/stm32l4xx_ll_usb.o
 .debug_aranges
                0x00001890       0x40 ./X-CUBE-AI/App/app_x-cube-ai.o

.debug_rnglists
                0x00000000     0x1353
 .debug_rnglists
                0x00000000       0x5c ./Core/Src/main.o
 .debug_rnglists
                0x0000005c       0x7a ./Core/Src/stm32l4xx_hal_msp.o
 .debug_rnglists
                0x000000d6       0x43 ./Core/Src/stm32l4xx_it.o
 .debug_rnglists
                0x00000119       0x1a ./Core/Src/system_stm32l4xx.o
 .debug_rnglists
                0x00000133       0x19 ./Core/Startup/startup_stm32l4r9aiix.o
 .debug_rnglists
                0x0000014c       0xdf ./Drivers/STM32L4xx_HAL_Driver/Src/stm32l4xx_hal.o
 .debug_rnglists
                0x0000022b       0xda ./Drivers/STM32L4xx_HAL_Driver/Src/stm32l4xx_hal_cortex.o
 .debug_rnglists
                0x00000305       0x3f ./Drivers/STM32L4xx_HAL_Driver/Src/stm32l4xx_hal_gpio.o
 .debug_rnglists
                0x00000344      0x228 ./Drivers/STM32L4xx_HAL_Driver/Src/stm32l4xx_hal_i2c.o
 .debug_rnglists
                0x0000056c       0x35 ./Drivers/STM32L4xx_HAL_Driver/Src/stm32l4xx_hal_i2c_ex.o
 .debug_rnglists
                0x000005a1       0xed ./Drivers/STM32L4xx_HAL_Driver/Src/stm32l4xx_hal_pcd.o
 .debug_rnglists
                0x0000068e       0x45 ./Drivers/STM32L4xx_HAL_Driver/Src/stm32l4xx_hal_pcd_ex.o
 .debug_rnglists
                0x000006d3      0x115 ./Drivers/STM32L4xx_HAL_Driver/Src/stm32l4xx_hal_pwr_ex.o
 .debug_rnglists
                0x000007e8       0x74 ./Drivers/STM32L4xx_HAL_Driver/Src/stm32l4xx_hal_rcc.o
 .debug_rnglists
                0x0000085c       0xd4 ./Drivers/STM32L4xx_HAL_Driver/Src/stm32l4xx_hal_rcc_ex.o
 .debug_rnglists
                0x00000930      0x136 ./Drivers/STM32L4xx_HAL_Driver/Src/stm32l4xx_hal_sai.o
 .debug_rnglists
                0x00000a66      0x11d ./Drivers/STM32L4xx_HAL_Driver/Src/stm32l4xx_hal_sd.o
 .debug_rnglists
                0x00000b83       0x4b ./Drivers/STM32L4xx_HAL_Driver/Src/stm32l4xx_hal_sd_ex.o
 .debug_rnglists
                0x00000bce      0x178 ./Drivers/STM32L4xx_HAL_Driver/Src/stm32l4xx_hal_spi.o
 .debug_rnglists
                0x00000d46       0x8d ./Drivers/STM32L4xx_HAL_Driver/Src/stm32l4xx_hal_sram.o
 .debug_rnglists
                0x00000dd3      0x1fa ./Drivers/STM32L4xx_HAL_Driver/Src/stm32l4xx_hal_uart.o
 .debug_rnglists
                0x00000fcd       0x7f ./Drivers/STM32L4xx_HAL_Driver/Src/stm32l4xx_hal_uart_ex.o
 .debug_rnglists
                0x0000104c       0x5d ./Drivers/STM32L4xx_HAL_Driver/Src/stm32l4xx_ll_fmc.o
 .debug_rnglists
                0x000010a9      0x138 ./Drivers/STM32L4xx_HAL_Driver/Src/stm32l4xx_ll_sdmmc.o
 .debug_rnglists
                0x000011e1      0x146 ./Drivers/STM32L4xx_HAL_Driver/Src/stm32l4xx_ll_usb.o
 .debug_rnglists
                0x00001327       0x2c ./X-CUBE-AI/App/app_x-cube-ai.o

.debug_macro    0x00000000    0x34508
 .debug_macro   0x00000000      0x2f5 ./Core/Src/main.o
 .debug_macro   0x000002f5      0xad8 ./Core/Src/main.o
 .debug_macro   0x00000dcd      0x1c5 ./Core/Src/main.o
 .debug_macro   0x00000f92       0x2e ./Core/Src/main.o
 .debug_macro   0x00000fc0       0x28 ./Core/Src/main.o
 .debug_macro   0x00000fe8       0x22 ./Core/Src/main.o
 .debug_macro   0x0000100a       0x8e ./Core/Src/main.o
 .debug_macro   0x00001098       0x51 ./Core/Src/main.o
 .debug_macro   0x000010e9      0x103 ./Core/Src/main.o
 .debug_macro   0x000011ec       0x6a ./Core/Src/main.o
 .debug_macro   0x00001256      0x1df ./Core/Src/main.o
 .debug_macro   0x00001435       0x1c ./Core/Src/main.o
 .debug_macro   0x00001451       0x22 ./Core/Src/main.o
 .debug_macro   0x00001473       0xfb ./Core/Src/main.o
 .debug_macro   0x0000156e     0x1011 ./Core/Src/main.o
 .debug_macro   0x0000257f      0x11f ./Core/Src/main.o
 .debug_macro   0x0000269e    0x22e83 ./Core/Src/main.o
 .debug_macro   0x00025521       0x6d ./Core/Src/main.o
 .debug_macro   0x0002558e     0x3902 ./Core/Src/main.o
 .debug_macro   0x00028e90      0x190 ./Core/Src/main.o
 .debug_macro   0x00029020       0x5c ./Core/Src/main.o
 .debug_macro   0x0002907c     0x1956 ./Core/Src/main.o
 .debug_macro   0x0002a9d2      0x83e ./Core/Src/main.o
 .debug_macro   0x0002b210      0x1b9 ./Core/Src/main.o
 .debug_macro   0x0002b3c9      0x225 ./Core/Src/main.o
 .debug_macro   0x0002b5ee      0x486 ./Core/Src/main.o
 .debug_macro   0x0002ba74      0x1ce ./Core/Src/main.o
 .debug_macro   0x0002bc42       0x43 ./Core/Src/main.o
 .debug_macro   0x0002bc85      0x23d ./Core/Src/main.o
 .debug_macro   0x0002bec2      0x241 ./Core/Src/main.o
 .debug_macro   0x0002c103      0x416 ./Core/Src/main.o
 .debug_macro   0x0002c519       0x1c ./Core/Src/main.o
 .debug_macro   0x0002c535       0xf2 ./Core/Src/main.o
 .debug_macro   0x0002c627      0x22c ./Core/Src/main.o
 .debug_macro   0x0002c853       0x61 ./Core/Src/main.o
 .debug_macro   0x0002c8b4       0xa5 ./Core/Src/main.o
 .debug_macro   0x0002c959      0x215 ./Core/Src/main.o
 .debug_macro   0x0002cb6e       0x97 ./Core/Src/main.o
 .debug_macro   0x0002cc05      0x122 ./Core/Src/main.o
 .debug_macro   0x0002cd27      0x3f6 ./Core/Src/main.o
 .debug_macro   0x0002d11d      0x39f ./Core/Src/main.o
 .debug_macro   0x0002d4bc       0x10 ./Core/Src/main.o
 .debug_macro   0x0002d4cc       0xdd ./Core/Src/main.o
 .debug_macro   0x0002d5a9      0x822 ./Core/Src/main.o
 .debug_macro   0x0002ddcb      0x1ce ./Core/Src/main.o
 .debug_macro   0x0002df99      0x2fe ./Core/Src/main.o
 .debug_macro   0x0002e297      0x32d ./Core/Src/main.o
 .debug_macro   0x0002e5c4      0x693 ./Core/Src/main.o
 .debug_macro   0x0002ec57       0xa6 ./Core/Src/main.o
 .debug_macro   0x0002ecfd      0x432 ./Core/Src/main.o
 .debug_macro   0x0002f12f      0x626 ./Core/Src/main.o
 .debug_macro   0x0002f755       0x61 ./Core/Src/main.o
 .debug_macro   0x0002f7b6       0x2a ./Core/Src/main.o
 .debug_macro   0x0002f7e0       0x43 ./Core/Src/main.o
 .debug_macro   0x0002f823       0x3a ./Core/Src/main.o
 .debug_macro   0x0002f85d       0x3c ./Core/Src/main.o
 .debug_macro   0x0002f899      0x460 ./Core/Src/main.o
 .debug_macro   0x0002fcf9       0x46 ./Core/Src/main.o
 .debug_macro   0x0002fd3f       0x22 ./Core/Src/main.o
 .debug_macro   0x0002fd61      0x342 ./Core/Src/main.o
 .debug_macro   0x000300a3      0x272 ./Core/Src/stm32l4xx_hal_msp.o
 .debug_macro   0x00030315      0x27c ./Core/Src/stm32l4xx_it.o
 .debug_macro   0x00030591      0x263 ./Core/Src/system_stm32l4xx.o
 .debug_macro   0x000307f4      0x2b1 ./Drivers/STM32L4xx_HAL_Driver/Src/stm32l4xx_hal.o
 .debug_macro   0x00030aa5      0x263 ./Drivers/STM32L4xx_HAL_Driver/Src/stm32l4xx_hal_cortex.o
 .debug_macro   0x00030d08      0x26a ./Drivers/STM32L4xx_HAL_Driver/Src/stm32l4xx_hal_gpio.o
 .debug_macro   0x00030f72      0x32f ./Drivers/STM32L4xx_HAL_Driver/Src/stm32l4xx_hal_i2c.o
 .debug_macro   0x000312a1      0x263 ./Drivers/STM32L4xx_HAL_Driver/Src/stm32l4xx_hal_i2c_ex.o
 .debug_macro   0x00031504      0x26f ./Drivers/STM32L4xx_HAL_Driver/Src/stm32l4xx_hal_pcd.o
 .debug_macro   0x00031773      0x263 ./Drivers/STM32L4xx_HAL_Driver/Src/stm32l4xx_hal_pcd_ex.o
 .debug_macro   0x000319d6      0x28d ./Drivers/STM32L4xx_HAL_Driver/Src/stm32l4xx_hal_pwr_ex.o
 .debug_macro   0x00031c63      0x2a5 ./Drivers/STM32L4xx_HAL_Driver/Src/stm32l4xx_hal_rcc.o
 .debug_macro   0x00031f08      0x299 ./Drivers/STM32L4xx_HAL_Driver/Src/stm32l4xx_hal_rcc_ex.o
 .debug_macro   0x000321a1      0x280 ./Drivers/STM32L4xx_HAL_Driver/Src/stm32l4xx_hal_sai.o
 .debug_macro   0x00032421      0x279 ./Drivers/STM32L4xx_HAL_Driver/Src/stm32l4xx_hal_sd.o
 .debug_macro   0x0003269a      0x263 ./Drivers/STM32L4xx_HAL_Driver/Src/stm32l4xx_hal_sd_ex.o
 .debug_macro   0x000328fd      0x26b ./Drivers/STM32L4xx_HAL_Driver/Src/stm32l4xx_hal_spi.o
 .debug_macro   0x00032b68      0x263 ./Drivers/STM32L4xx_HAL_Driver/Src/stm32l4xx_hal_sram.o
 .debug_macro   0x00032dcb      0x28e ./Drivers/STM32L4xx_HAL_Driver/Src/stm32l4xx_hal_uart.o
 .debug_macro   0x00033059      0x26f ./Drivers/STM32L4xx_HAL_Driver/Src/stm32l4xx_hal_uart_ex.o
 .debug_macro   0x000332c8      0x281 ./Drivers/STM32L4xx_HAL_Driver/Src/stm32l4xx_ll_fmc.o
 .debug_macro   0x00033549      0x264 ./Drivers/STM32L4xx_HAL_Driver/Src/stm32l4xx_ll_sdmmc.o
 .debug_macro   0x000337ad      0x263 ./Drivers/STM32L4xx_HAL_Driver/Src/stm32l4xx_ll_usb.o
 .debug_macro   0x00033a10      0x430 ./X-CUBE-AI/App/app_x-cube-ai.o
 .debug_macro   0x00033e40       0x16 ./X-CUBE-AI/App/app_x-cube-ai.o
 .debug_macro   0x00033e56      0x11c ./X-CUBE-AI/App/app_x-cube-ai.o
 .debug_macro   0x00033f72       0x9b ./X-CUBE-AI/App/app_x-cube-ai.o
 .debug_macro   0x0003400d       0x16 ./X-CUBE-AI/App/app_x-cube-ai.o
 .debug_macro   0x00034023       0x29 ./X-CUBE-AI/App/app_x-cube-ai.o
 .debug_macro   0x0003404c       0x1c ./X-CUBE-AI/App/app_x-cube-ai.o
 .debug_macro   0x00034068       0x10 ./X-CUBE-AI/App/app_x-cube-ai.o
 .debug_macro   0x00034078       0x1c ./X-CUBE-AI/App/app_x-cube-ai.o
 .debug_macro   0x00034094       0x16 ./X-CUBE-AI/App/app_x-cube-ai.o
 .debug_macro   0x000340aa      0x146 ./X-CUBE-AI/App/app_x-cube-ai.o
 .debug_macro   0x000341f0       0x10 ./X-CUBE-AI/App/app_x-cube-ai.o
 .debug_macro   0x00034200       0x16 ./X-CUBE-AI/App/app_x-cube-ai.o
 .debug_macro   0x00034216       0x20 ./X-CUBE-AI/App/app_x-cube-ai.o
 .debug_macro   0x00034236       0x4c ./X-CUBE-AI/App/app_x-cube-ai.o
 .debug_macro   0x00034282       0x56 ./X-CUBE-AI/App/app_x-cube-ai.o
 .debug_macro   0x000342d8       0x10 ./X-CUBE-AI/App/app_x-cube-ai.o
 .debug_macro   0x000342e8       0xc0 ./X-CUBE-AI/App/app_x-cube-ai.o
 .debug_macro   0x000343a8       0x7c ./X-CUBE-AI/App/app_x-cube-ai.o
 .debug_macro   0x00034424       0x88 ./X-CUBE-AI/App/app_x-cube-ai.o
 .debug_macro   0x000344ac       0x4c ./X-CUBE-AI/App/app_x-cube-ai.o
 .debug_macro   0x000344f8       0x10 ./X-CUBE-AI/App/app_x-cube-ai.o

.debug_line     0x00000000    0x1f6d2
 .debug_line    0x00000000      0xe9d ./Core/Src/main.o
 .debug_line    0x00000e9d      0xc94 ./Core/Src/stm32l4xx_hal_msp.o
 .debug_line    0x00001b31      0x92e ./Core/Src/stm32l4xx_it.o
 .debug_line    0x0000245f      0x91d ./Core/Src/system_stm32l4xx.o
 .debug_line    0x00002d7c       0x7a ./Core/Startup/startup_stm32l4r9aiix.o
 .debug_line    0x00002df6      0xc85 ./Drivers/STM32L4xx_HAL_Driver/Src/stm32l4xx_hal.o
 .debug_line    0x00003a7b      0xe20 ./Drivers/STM32L4xx_HAL_Driver/Src/stm32l4xx_hal_cortex.o
 .debug_line    0x0000489b      0xcc1 ./Drivers/STM32L4xx_HAL_Driver/Src/stm32l4xx_hal_gpio.o
 .debug_line    0x0000555c     0x3886 ./Drivers/STM32L4xx_HAL_Driver/Src/stm32l4xx_hal_i2c.o
 .debug_line    0x00008de2      0x9e5 ./Drivers/STM32L4xx_HAL_Driver/Src/stm32l4xx_hal_i2c_ex.o
 .debug_line    0x000097c7     0x145b ./Drivers/STM32L4xx_HAL_Driver/Src/stm32l4xx_hal_pcd.o
 .debug_line    0x0000ac22      0xa85 ./Drivers/STM32L4xx_HAL_Driver/Src/stm32l4xx_hal_pcd_ex.o
 .debug_line    0x0000b6a7      0xedc ./Drivers/STM32L4xx_HAL_Driver/Src/stm32l4xx_hal_pwr_ex.o
 .debug_line    0x0000c583     0x12ca ./Drivers/STM32L4xx_HAL_Driver/Src/stm32l4xx_hal_rcc.o
 .debug_line    0x0000d84d     0x1b66 ./Drivers/STM32L4xx_HAL_Driver/Src/stm32l4xx_hal_rcc_ex.o
 .debug_line    0x0000f3b3     0x1c69 ./Drivers/STM32L4xx_HAL_Driver/Src/stm32l4xx_hal_sai.o
 .debug_line    0x0001101c     0x23e0 ./Drivers/STM32L4xx_HAL_Driver/Src/stm32l4xx_hal_sd.o
 .debug_line    0x000133fc      0xaa6 ./Drivers/STM32L4xx_HAL_Driver/Src/stm32l4xx_hal_sd_ex.o
 .debug_line    0x00013ea2     0x2165 ./Drivers/STM32L4xx_HAL_Driver/Src/stm32l4xx_hal_spi.o
 .debug_line    0x00016007      0xd5e ./Drivers/STM32L4xx_HAL_Driver/Src/stm32l4xx_hal_sram.o
 .debug_line    0x00016d65     0x3706 ./Drivers/STM32L4xx_HAL_Driver/Src/stm32l4xx_hal_uart.o
 .debug_line    0x0001a46b      0xded ./Drivers/STM32L4xx_HAL_Driver/Src/stm32l4xx_hal_uart_ex.o
 .debug_line    0x0001b258      0xb6e ./Drivers/STM32L4xx_HAL_Driver/Src/stm32l4xx_ll_fmc.o
 .debug_line    0x0001bdc6     0x115d ./Drivers/STM32L4xx_HAL_Driver/Src/stm32l4xx_ll_sdmmc.o
 .debug_line    0x0001cf23     0x1bd8 ./Drivers/STM32L4xx_HAL_Driver/Src/stm32l4xx_ll_usb.o
 .debug_line    0x0001eafb      0xbd7 ./X-CUBE-AI/App/app_x-cube-ai.o

.debug_str      0x00000000   0x1354ee
 .debug_str     0x00000000   0x1354ee ./Core/Src/main.o
                             0x12a6d7 (size before relaxing)
 .debug_str     0x001354ee   0x126f86 ./Core/Src/stm32l4xx_hal_msp.o
 .debug_str     0x001354ee   0x12554c ./Core/Src/stm32l4xx_it.o
 .debug_str     0x001354ee   0x124068 ./Core/Src/system_stm32l4xx.o
 .debug_str     0x001354ee       0x80 ./Core/Startup/startup_stm32l4r9aiix.o
 .debug_str     0x001354ee   0x124c64 ./Drivers/STM32L4xx_HAL_Driver/Src/stm32l4xx_hal.o
 .debug_str     0x001354ee   0x124925 ./Drivers/STM32L4xx_HAL_Driver/Src/stm32l4xx_hal_cortex.o
 .debug_str     0x001354ee   0x1241e2 ./Drivers/STM32L4xx_HAL_Driver/Src/stm32l4xx_hal_gpio.o
 .debug_str     0x001354ee   0x125345 ./Drivers/STM32L4xx_HAL_Driver/Src/stm32l4xx_hal_i2c.o
 .debug_str     0x001354ee   0x124676 ./Drivers/STM32L4xx_HAL_Driver/Src/stm32l4xx_hal_i2c_ex.o
 .debug_str     0x001354ee   0x124aca ./Drivers/STM32L4xx_HAL_Driver/Src/stm32l4xx_hal_pcd.o
 .debug_str     0x001354ee   0x124498 ./Drivers/STM32L4xx_HAL_Driver/Src/stm32l4xx_hal_pcd_ex.o
 .debug_str     0x001354ee   0x12463b ./Drivers/STM32L4xx_HAL_Driver/Src/stm32l4xx_hal_pwr_ex.o
 .debug_str     0x001354ee   0x1246db ./Drivers/STM32L4xx_HAL_Driver/Src/stm32l4xx_hal_rcc.o
 .debug_str     0x001354ee   0x124ac1 ./Drivers/STM32L4xx_HAL_Driver/Src/stm32l4xx_hal_rcc_ex.o
 .debug_str     0x001354ee   0x12497a ./Drivers/STM32L4xx_HAL_Driver/Src/stm32l4xx_hal_sai.o
 .debug_str     0x001354ee   0x124d19 ./Drivers/STM32L4xx_HAL_Driver/Src/stm32l4xx_hal_sd.o
 .debug_str     0x001354ee   0x124420 ./Drivers/STM32L4xx_HAL_Driver/Src/stm32l4xx_hal_sd_ex.o
 .debug_str     0x001354ee   0x12495f ./Drivers/STM32L4xx_HAL_Driver/Src/stm32l4xx_hal_spi.o
 .debug_str     0x001354ee   0x124678 ./Drivers/STM32L4xx_HAL_Driver/Src/stm32l4xx_hal_sram.o
 .debug_str     0x001354ee   0x12500c ./Drivers/STM32L4xx_HAL_Driver/Src/stm32l4xx_hal_uart.o
 .debug_str     0x001354ee   0x12481c ./Drivers/STM32L4xx_HAL_Driver/Src/stm32l4xx_hal_uart_ex.o
 .debug_str     0x001354ee   0x12453c ./Drivers/STM32L4xx_HAL_Driver/Src/stm32l4xx_ll_fmc.o
 .debug_str     0x001354ee   0x1244fa ./Drivers/STM32L4xx_HAL_Driver/Src/stm32l4xx_ll_sdmmc.o
 .debug_str     0x001354ee   0x1249a2 ./Drivers/STM32L4xx_HAL_Driver/Src/stm32l4xx_ll_usb.o
 .debug_str     0x001354ee   0x12d407 ./X-CUBE-AI/App/app_x-cube-ai.o

.comment        0x00000000       0x43
 .comment       0x00000000       0x43 ./Core/Src/main.o
                                 0x44 (size before relaxing)
 .comment       0x00000043       0x44 ./Core/Src/stm32l4xx_hal_msp.o
 .comment       0x00000043       0x44 ./Core/Src/stm32l4xx_it.o
 .comment       0x00000043       0x44 ./Core/Src/system_stm32l4xx.o
 .comment       0x00000043       0x44 ./Drivers/STM32L4xx_HAL_Driver/Src/stm32l4xx_hal.o
 .comment       0x00000043       0x44 ./Drivers/STM32L4xx_HAL_Driver/Src/stm32l4xx_hal_cortex.o
 .comment       0x00000043       0x44 ./Drivers/STM32L4xx_HAL_Driver/Src/stm32l4xx_hal_gpio.o
 .comment       0x00000043       0x44 ./Drivers/STM32L4xx_HAL_Driver/Src/stm32l4xx_hal_i2c.o
 .comment       0x00000043       0x44 ./Drivers/STM32L4xx_HAL_Driver/Src/stm32l4xx_hal_i2c_ex.o
 .comment       0x00000043       0x44 ./Drivers/STM32L4xx_HAL_Driver/Src/stm32l4xx_hal_pcd.o
 .comment       0x00000043       0x44 ./Drivers/STM32L4xx_HAL_Driver/Src/stm32l4xx_hal_pcd_ex.o
 .comment       0x00000043       0x44 ./Drivers/STM32L4xx_HAL_Driver/Src/stm32l4xx_hal_pwr_ex.o
 .comment       0x00000043       0x44 ./Drivers/STM32L4xx_HAL_Driver/Src/stm32l4xx_hal_rcc.o
 .comment       0x00000043       0x44 ./Drivers/STM32L4xx_HAL_Driver/Src/stm32l4xx_hal_rcc_ex.o
 .comment       0x00000043       0x44 ./Drivers/STM32L4xx_HAL_Driver/Src/stm32l4xx_hal_sai.o
 .comment       0x00000043       0x44 ./Drivers/STM32L4xx_HAL_Driver/Src/stm32l4xx_hal_sd.o
 .comment       0x00000043       0x44 ./Drivers/STM32L4xx_HAL_Driver/Src/stm32l4xx_hal_sd_ex.o
 .comment       0x00000043       0x44 ./Drivers/STM32L4xx_HAL_Driver/Src/stm32l4xx_hal_spi.o
 .comment       0x00000043       0x44 ./Drivers/STM32L4xx_HAL_Driver/Src/stm32l4xx_hal_sram.o
 .comment       0x00000043       0x44 ./Drivers/STM32L4xx_HAL_Driver/Src/stm32l4xx_hal_uart.o
 .comment       0x00000043       0x44 ./Drivers/STM32L4xx_HAL_Driver/Src/stm32l4xx_hal_uart_ex.o
 .comment       0x00000043       0x44 ./Drivers/STM32L4xx_HAL_Driver/Src/stm32l4xx_ll_fmc.o
 .comment       0x00000043       0x44 ./Drivers/STM32L4xx_HAL_Driver/Src/stm32l4xx_ll_sdmmc.o
 .comment       0x00000043       0x44 ./Drivers/STM32L4xx_HAL_Driver/Src/stm32l4xx_ll_usb.o
 .comment       0x00000043       0x44 ./X-CUBE-AI/App/app_x-cube-ai.o

.debug_frame    0x00000000     0x6a48
 .debug_frame   0x00000000      0x180 ./Core/Src/main.o
 .debug_frame   0x00000180      0x284 ./Core/Src/stm32l4xx_hal_msp.o
 .debug_frame   0x00000404      0x104 ./Core/Src/stm32l4xx_it.o
 .debug_frame   0x00000508       0x58 ./Core/Src/system_stm32l4xx.o
 .debug_frame   0x00000560      0x498 ./Drivers/STM32L4xx_HAL_Driver/Src/stm32l4xx_hal.o
 .debug_frame   0x000009f8      0x4e8 ./Drivers/STM32L4xx_HAL_Driver/Src/stm32l4xx_hal_cortex.o
 .debug_frame   0x00000ee0      0x14c ./Drivers/STM32L4xx_HAL_Driver/Src/stm32l4xx_hal_gpio.o
 .debug_frame   0x0000102c      0xc38 ./Drivers/STM32L4xx_HAL_Driver/Src/stm32l4xx_hal_i2c.o
 .debug_frame   0x00001c64      0x100 ./Drivers/STM32L4xx_HAL_Driver/Src/stm32l4xx_hal_i2c_ex.o
 .debug_frame   0x00001d64      0x564 ./Drivers/STM32L4xx_HAL_Driver/Src/stm32l4xx_hal_pcd.o
 .debug_frame   0x000022c8      0x174 ./Drivers/STM32L4xx_HAL_Driver/Src/stm32l4xx_hal_pcd_ex.o
 .debug_frame   0x0000243c      0x5c4 ./Drivers/STM32L4xx_HAL_Driver/Src/stm32l4xx_hal_pwr_ex.o
 .debug_frame   0x00002a00      0x248 ./Drivers/STM32L4xx_HAL_Driver/Src/stm32l4xx_hal_rcc.o
 .debug_frame   0x00002c48      0x464 ./Drivers/STM32L4xx_HAL_Driver/Src/stm32l4xx_hal_rcc_ex.o
 .debug_frame   0x000030ac      0x69c ./Drivers/STM32L4xx_HAL_Driver/Src/stm32l4xx_hal_sai.o
 .debug_frame   0x00003748      0x634 ./Drivers/STM32L4xx_HAL_Driver/Src/stm32l4xx_hal_sd.o
 .debug_frame   0x00003d7c      0x194 ./Drivers/STM32L4xx_HAL_Driver/Src/stm32l4xx_hal_sd_ex.o
 .debug_frame   0x00003f10      0x860 ./Drivers/STM32L4xx_HAL_Driver/Src/stm32l4xx_hal_spi.o
 .debug_frame   0x00004770      0x30c ./Drivers/STM32L4xx_HAL_Driver/Src/stm32l4xx_hal_sram.o
 .debug_frame   0x00004a7c      0xa94 ./Drivers/STM32L4xx_HAL_Driver/Src/stm32l4xx_hal_uart.o
 .debug_frame   0x00005510      0x2c0 ./Drivers/STM32L4xx_HAL_Driver/Src/stm32l4xx_hal_uart_ex.o
 .debug_frame   0x000057d0      0x214 ./Drivers/STM32L4xx_HAL_Driver/Src/stm32l4xx_ll_fmc.o
 .debug_frame   0x000059e4      0x73c ./Drivers/STM32L4xx_HAL_Driver/Src/stm32l4xx_ll_sdmmc.o
 .debug_frame   0x00006120      0x7bc ./Drivers/STM32L4xx_HAL_Driver/Src/stm32l4xx_ll_usb.o
 .debug_frame   0x000068dc       0xc0 ./X-CUBE-AI/App/app_x-cube-ai.o
 .debug_frame   0x0000699c       0x20 C:/ST/STM32CubeIDE_1.13.1/STM32CubeIDE/plugins/com.st.stm32cube.ide.mcu.externaltools.gnu-tools-for-stm32.13.3.rel1.win32_1.0.0.202411081344/tools/bin/../lib/gcc/arm-none-eabi/13.3.1/../../../../arm-none-eabi/lib/thumb/v7e-m+fp/hard\libc_nano.a(libc_a-memset.o)
 .debug_frame   0x000069bc       0x2c C:/ST/STM32CubeIDE_1.13.1/STM32CubeIDE/plugins/com.st.stm32cube.ide.mcu.externaltools.gnu-tools-for-stm32.13.3.rel1.win32_1.0.0.202411081344/tools/bin/../lib/gcc/arm-none-eabi/13.3.1/../../../../arm-none-eabi/lib/thumb/v7e-m+fp/hard\libc_nano.a(libc_a-init.o)
 .debug_frame   0x000069e8       0x2c C:/ST/STM32CubeIDE_1.13.1/STM32CubeIDE/plugins/com.st.stm32cube.ide.mcu.externaltools.gnu-tools-for-stm32.13.3.rel1.win32_1.0.0.202411081344/tools/bin/../lib/gcc/arm-none-eabi/13.3.1/thumb/v7e-m+fp/hard\libgcc.a(_aeabi_uldivmod.o)
 .debug_frame   0x00006a14       0x34 C:/ST/STM32CubeIDE_1.13.1/STM32CubeIDE/plugins/com.st.stm32cube.ide.mcu.externaltools.gnu-tools-for-stm32.13.3.rel1.win32_1.0.0.202411081344/tools/bin/../lib/gcc/arm-none-eabi/13.3.1/thumb/v7e-m+fp/hard\libgcc.a(_udivmoddi4.o)

.debug_line_str
                0x00000000       0x64
 .debug_line_str
                0x00000000       0x64 ./Core/Startup/startup_stm32l4r9aiix.o
