../X-CUBE-AI/App/neural_network.c:524:9:neural_network_configure_activations	16	static
../X-CUBE-AI/App/neural_network.c:565:9:neural_network_configure_weights	16	static
../X-CUBE-AI/App/neural_network.c:616:9:ai_neural_network_get_info	160	static
../X-CUBE-AI/App/neural_network.c:663:9:ai_neural_network_get_report	160	static
../X-CUBE-AI/App/neural_network.c:710:10:ai_neural_network_get_error	16	static
../X-CUBE-AI/App/neural_network.c:717:10:ai_neural_network_create	24	static
../X-CUBE-AI/App/neural_network.c:728:10:ai_neural_network_create_and_init	88	static
../X-CUBE-AI/App/neural_network.c:763:12:ai_neural_network_inputs_get	16	static
../X-CUBE-AI/App/neural_network.c:774:12:ai_neural_network_outputs_get	16	static
../X-CUBE-AI/App/neural_network.c:785:11:ai_neural_network_destroy	16	static
../X-CUBE-AI/App/neural_network.c:792:9:ai_neural_network_init	24	static
../X-CUBE-AI/App/neural_network.c:809:8:ai_neural_network_run	24	static
../X-CUBE-AI/App/neural_network.c:817:8:ai_neural_network_forward	16	static
